Archive member included because of file (symbol)

C:\Program Files (x86)\VEX Robotics\VEXcode Pro V5\sdk/vexv5\libv5rt.a(v5_startup.c.obj)
                              (vexStartup)
C:\Program Files (x86)\VEX Robotics\VEXcode Pro V5\sdk/vexv5\libv5rt.a(v5_util.c.obj)
                              C:\Program Files (x86)\VEX Robotics\VEXcode Pro V5\sdk/vexv5\libv5rt.a(v5_startup.c.obj) (vexStdlibVersionLinked)
C:\Program Files (x86)\VEX Robotics\VEXcode Pro V5\sdk/vexv5\libv5rt.a(v5_apijump.c.obj)
                              C:\Program Files (x86)\VEX Robotics\VEXcode Pro V5\sdk/vexv5\libv5rt.a(v5_startup.c.obj) (vexPrivateApiEnable)
C:\Program Files (x86)\VEX Robotics\VEXcode Pro V5\sdk/vexv5\libv5rt.a(v5_apiversions.c.obj)
                              C:\Program Files (x86)\VEX Robotics\VEXcode Pro V5\sdk/vexv5\libv5rt.a(v5_apijump.c.obj) (vexSystemVersion)
C:\Program Files (x86)\VEX Robotics\VEXcode Pro V5\sdk/vexv5\libv5rt.a(vex_global.cpp.obj)
                              build/src/main.o (vex::wait(double, vex::timeUnits))
C:\Program Files (x86)\VEX Robotics\VEXcode Pro V5\sdk/vexv5\libv5rt.a(vex_motor.cpp.obj)
                              build/src/main.o (vex::motor::~motor())
C:\Program Files (x86)\VEX Robotics\VEXcode Pro V5\sdk/vexv5\libv5rt.a(vex_imu.cpp.obj)
                              build/src/JAR-Template/drive.o (vex::inertial::setRotation(double, vex::rotationUnits))
C:\Program Files (x86)\VEX Robotics\VEXcode Pro V5\sdk/vexv5\libv5rt.a(vex_rotation.cpp.obj)
                              build/src/main.o (vex::rotation::~rotation())
C:\Program Files (x86)\VEX Robotics\VEXcode Pro V5\sdk/vexv5\libv5rt.a(vex_controller.cpp.obj)
                              build/src/JAR-Template/drive.o (vex::controller::~controller())
C:\Program Files (x86)\VEX Robotics\VEXcode Pro V5\sdk/vexv5\libv5rt.a(vex_task.cpp.obj)
                              build/src/JAR-Template/drive.o (vex::task::task())
C:\Program Files (x86)\VEX Robotics\VEXcode Pro V5\sdk/vexv5\libv5rt.a(vex_thread.cpp.obj)
                              C:\Program Files (x86)\VEX Robotics\VEXcode Pro V5\sdk/vexv5\libv5rt.a(vex_global.cpp.obj) (vex::this_thread::sleep_for(unsigned long))
C:\Program Files (x86)\VEX Robotics\VEXcode Pro V5\sdk/vexv5\libv5rt.a(vex_event.cpp.obj)
                              C:\Program Files (x86)\VEX Robotics\VEXcode Pro V5\sdk/vexv5\libv5rt.a(vex_imu.cpp.obj) (vex::event::init(unsigned long, unsigned long, void (*)()))
C:\Program Files (x86)\VEX Robotics\VEXcode Pro V5\sdk/vexv5\libv5rt.a(vex_mevent.cpp.obj)
                              C:\Program Files (x86)\VEX Robotics\VEXcode Pro V5\sdk/vexv5\libv5rt.a(vex_controller.cpp.obj) (vex::mevent::mevent(unsigned long, unsigned long))
C:\Program Files (x86)\VEX Robotics\VEXcode Pro V5\sdk/vexv5\libv5rt.a(vex_brain.cpp.obj)
                              build/src/robot-config.o (vex::brain::brain())
C:\Program Files (x86)\VEX Robotics\VEXcode Pro V5\sdk/vexv5\libv5rt.a(vex_competition.cpp.obj)
                              build/src/main.o (vex::competition::competition())
C:\Program Files (x86)\VEX Robotics\VEXcode Pro V5\sdk/vexv5\libv5rt.a(vex_triport.cpp.obj)
                              build/src/main.o (vex::triport::~triport())
C:\Program Files (x86)\VEX Robotics\VEXcode Pro V5\sdk/vexv5\libv5rt.a(vex_color.cpp.obj)
                              C:\Program Files (x86)\VEX Robotics\VEXcode Pro V5\sdk/vexv5\libv5rt.a(vex_brain.cpp.obj) (vex::color::operator unsigned long() const)
C:\Program Files (x86)\VEX Robotics\VEXcode Pro V5\sdk/vexv5\libv5rt.a(vex_timer.cpp.obj)
                              C:\Program Files (x86)\VEX Robotics\VEXcode Pro V5\sdk/vexv5\libv5rt.a(vex_brain.cpp.obj) (vex::timer::~timer())
C:\Program Files (x86)\VEX Robotics\VEXcode Pro V5\sdk/vexv5\libv5rt.a(vex_motorgroup.cpp.obj)
                              build/src/main.o (vex::motor_group::motor_group_motors::motor_group_motors(vex::motor_group::motor_group_motors const&))
C:\Program Files (x86)\VEX Robotics\VEXcode Pro V5\sdk/vexv5\libv5rt.a(v5_apiuser.c.obj)
                              C:\Program Files (x86)\VEX Robotics\VEXcode Pro V5\sdk/vexv5\libv5rt.a(vex_triport.cpp.obj) (vexAdiPortConfigSet)
C:\Program Files (x86)\VEX Robotics\VEXcode Pro V5\sdk/vexv5\libv5rt.a(vex_device.cpp.obj)
                              C:\Program Files (x86)\VEX Robotics\VEXcode Pro V5\sdk/vexv5\libv5rt.a(vex_motor.cpp.obj) (vex::device::~device())
C:\Program Files (x86)\VEX Robotics\VEXcode Pro V5\sdk/vexv5/gcc/libs\libc.a(lib_a-fini.o)
                              C:\Program Files (x86)\VEX Robotics\VEXcode Pro V5\sdk/vexv5\libv5rt.a(v5_startup.c.obj) (__libc_fini_array)
C:\Program Files (x86)\VEX Robotics\VEXcode Pro V5\sdk/vexv5/gcc/libs\libc.a(lib_a-impure.o)
                              C:\Program Files (x86)\VEX Robotics\VEXcode Pro V5\sdk/vexv5\libv5rt.a(v5_startup.c.obj) (_impure_ptr)
[...]
Memory Configuration

Name             Origin             Length             Attributes
ps7_ddr_0_S_AXI_BASEADDR 0x03800000         0x04800000
*default*        0x00000000         0xffffffff

Linker script and memory map

                0x00002000                _STACK_SIZE = DEFINED (_STACK_SIZE)?_STACK_SIZE:0x2000
                0x00100000                _HEAP_SIZE = DEFINED (_HEAP_SIZE)?_HEAP_SIZE:0x100000
                0x00000400                _ABORT_STACK_SIZE = DEFINED (_ABORT_STACK_SIZE)?_ABORT_STACK_SIZE:0x400
                0x00000800                _SUPERVISOR_STACK_SIZE = DEFINED (_SUPERVISOR_STACK_SIZE)?_SUPERVISOR_STACK_SIZE:0x800
                0x00000400                _IRQ_STACK_SIZE = DEFINED (_IRQ_STACK_SIZE)?_IRQ_STACK_SIZE:0x400
                0x00000400                _FIQ_STACK_SIZE = DEFINED (_FIQ_STACK_SIZE)?_FIQ_STACK_SIZE:0x400
                0x00000400                _UNDEF_STACK_SIZE = DEFINED (_UNDEF_STACK_SIZE)?_UNDEF_STACK_SIZE:0x400

.text           0x03800000     0x59e8
 *(.vectors)
 *(.boot_data)
 .boot_data     0x03800000       0x20 C:\Program Files (x86)\VEX Robotics\VEXcode Pro V5\sdk/vexv5\libv5rt.a(v5_startup.c.obj)
                0x03800000                vexCodeSig
                0x00000020                . = 0x20
 *(.boot)
 .boot          0x03800020       0xbc C:\Program Files (x86)\VEX Robotics\VEXcode Pro V5\sdk/vexv5\libv5rt.a(v5_startup.c.obj)
                0x03800020                vexStartup
                0x03800100                . = ALIGN (0x40)
 *fill*         0x038000dc       0x24 
 *(.freertos_vectors)
 *(.text)
 *(.text.*)
 .text._ZN5DriveD2Ev
                0x03800100       0x90 build/src/main.o
                0x03800100                Drive::~Drive()
 .text._Z9pre_autonv
                0x03800190      0x188 build/src/main.o
                0x03800190                pre_auton()
 .text._Z10autonomousv
                0x03800318       0x68 build/src/main.o
                0x03800318                autonomous()
 .text._Z11usercontrolv
                0x03800380       0x40 build/src/main.o
                0x03800380                usercontrol()
 .text.main     0x038003c0       0x68 build/src/main.o
                0x038003c0                main
 .text._GLOBAL__sub_I_main.cpp
                0x03800428      0x168 build/src/main.o
 .text._Z17default_constantsv
                0x03800590      0x10c build/src/autons.o
                0x03800590                default_constants()
 .text._Z10drive_testv
                0x0380069c       0x98 build/src/autons.o
                0x0380069c                drive_test()
 .text._Z9turn_testv
                0x03800734       0x60 build/src/autons.o
                0x03800734                turn_test()
 .text._Z10swing_testv
                0x03800794       0x30 build/src/autons.o
                0x03800794                swing_test()
 .text._Z9full_testv
                0x038007c4       0x70 build/src/autons.o
                0x038007c4                full_test()
 .text._Z9odom_testv
                0x03800834      0x134 build/src/autons.o
                0x03800834                odom_test()
 .text._Z14tank_odom_testv
                0x03800968       0x84 build/src/autons.o
                0x03800968                tank_odom_test()
 .text._Z19holonomic_odom_testv
                0x038009ec       0xa4 build/src/autons.o
                0x038009ec                holonomic_odom_test()
 .text._Z11vexcodeInitv
                0x03800a90        0x4 build/src/robot-config.o
                0x03800a90                vexcodeInit()
 .text._GLOBAL__sub_I_robot_config.cpp
                0x03800a94      0x114 build/src/robot-config.o
 .text._Z15reduce_0_to_360f
                0x03800ba8       0x7c build/src/JAR-Template/util.o
                0x03800ba8                reduce_0_to_360(float)
 .text._Z26reduce_negative_180_to_180f
                0x03800c24       0x90 build/src/JAR-Template/util.o
                0x03800c24                reduce_negative_180_to_180(float)
 .text._Z24reduce_negative_90_to_90f
                0x03800cb4       0x90 build/src/JAR-Template/util.o
                0x03800cb4                reduce_negative_90_to_90(float)
 *fill*         0x03800d44        0x4 
 .text._Z6to_radf
                0x03800d48       0x28 build/src/JAR-Template/util.o
                0x03800d48                to_rad(float)
 .text._Z6to_degf
                0x03800d70       0x28 build/src/JAR-Template/util.o
                0x03800d70                to_deg(float)
 .text._Z5clampfff
                0x03800d98       0x2c build/src/JAR-Template/util.o
                0x03800d98                clamp(float, float, float)
 .text._Z11is_reversedd
                0x03800dc4       0x18 build/src/JAR-Template/util.o
                0x03800dc4                is_reversed(double)
 *fill*         0x03800ddc        0x4 
 .text._Z7to_voltf
                0x03800de0       0x30 build/src/JAR-Template/util.o
                0x03800de0                to_volt(float)
 .text._Z7to_porti
                0x03800e10       0x14 build/src/JAR-Template/util.o
                0x03800e10                to_port(int)
 .text._Z8deadbandff
                0x03800e24       0x28 build/src/JAR-Template/util.o
                0x03800e24                deadband(float, float)
 .text._ZN4Odom22set_physical_distancesEff
                0x03800e4c        0x8 build/src/JAR-Template/odom.o
                0x03800e4c                Odom::set_physical_distances(float, float)
 .text._ZN4Odom12set_positionEfffff
                0x03800e54       0x1c build/src/JAR-Template/odom.o
                0x03800e54                Odom::set_position(float, float, float, float, float)
 .text._ZN4Odom15update_positionEfff
                0x03800e70      0x1a4 build/src/JAR-Template/odom.o
                0x03800e70                Odom::update_position(float, float, float)
 *fill*         0x03801014        0x4 
 .text._ZN5DriveC2E11drive_setupN3vex11motor_groupES2_S2_ifffiiiiiffiff
                0x03801018      0x290 build/src/JAR-Template/drive.o
                0x03801018                Drive::Drive(drive_setup, vex::motor_group, vex::motor_group, vex::motor_group, int, float, float, float, int, int, int, int, int, float, float, int, float, float)
                0x03801018                Drive::Drive(drive_setup, vex::motor_group, vex::motor_group, vex::motor_group, int, float, float, float, int, int, int, int, int, float, float, int, float, float)
 .text._ZN5Drive18drive_with_voltageEff
                0x038012a8       0x6c build/src/JAR-Template/drive.o
                0x038012a8                Drive::drive_with_voltage(float, float)
 .text._ZN5Drive18set_turn_constantsEfffff
                0x03801314       0x1c build/src/JAR-Template/drive.o
                0x03801314                Drive::set_turn_constants(float, float, float, float, float)
 .text._ZN5Drive19set_drive_constantsEfffff
                0x03801330       0x28 build/src/JAR-Template/drive.o
                0x03801330                Drive::set_drive_constants(float, float, float, float, float)
 .text._ZN5Drive21set_heading_constantsEfffff
                0x03801358       0x28 build/src/JAR-Template/drive.o
                0x03801358                Drive::set_heading_constants(float, float, float, float, float)
 .text._ZN5Drive19set_swing_constantsEfffff
                0x03801380       0x2c build/src/JAR-Template/drive.o
                0x03801380                Drive::set_swing_constants(float, float, float, float, float)
 .text._ZN5Drive24set_turn_exit_conditionsEfff
                0x038013ac        0xc build/src/JAR-Template/drive.o
                0x038013ac                Drive::set_turn_exit_conditions(float, float, float)
 .text._ZN5Drive25set_drive_exit_conditionsEfff
                0x038013b8       0x10 build/src/JAR-Template/drive.o
                0x038013b8                Drive::set_drive_exit_conditions(float, float, float)
 .text._ZN5Drive25set_swing_exit_conditionsEfff
                0x038013c8       0x10 build/src/JAR-Template/drive.o
                0x038013c8                Drive::set_swing_exit_conditions(float, float, float)
 .text._ZN5Drive20get_absolute_headingEv
                0x038013d8       0x48 build/src/JAR-Template/drive.o
                0x038013d8                Drive::get_absolute_heading()
 .text._ZN5Drive13turn_to_angleEf
                0x03801420       0x50 build/src/JAR-Template/drive.o
                0x03801420                Drive::turn_to_angle(float)
 .text._ZN5Drive13turn_to_angleEfffffffff
                0x03801470      0x178 build/src/JAR-Template/drive.o
                0x03801470                Drive::turn_to_angle(float, float, float, float, float, float, float, float, float)
 .text._ZN5Drive14drive_distanceEf
                0x038015e8       0xd4 build/src/JAR-Template/drive.o
                0x038015e8                Drive::drive_distance(float)
 *fill*         0x038016bc        0x4 
 .text._ZN5Drive14drive_distanceEfffffffffffffff
                0x038016c0      0x2e0 build/src/JAR-Template/drive.o
                0x038016c0                Drive::drive_distance(float, float, float, float, float, float, float, float, float, float, float, float, float, float, float)
 .text._ZN5Drive19left_swing_to_angleEf
                0x038019a0       0x78 build/src/JAR-Template/drive.o
                0x038019a0                Drive::left_swing_to_angle(float)
 .text._ZN5Drive19left_swing_to_angleEfffffffff
                0x03801a18      0x1d8 build/src/JAR-Template/drive.o
                0x03801a18                Drive::left_swing_to_angle(float, float, float, float, float, float, float, float, float)
 .text._ZN5Drive20right_swing_to_angleEf
                0x03801bf0       0x78 build/src/JAR-Template/drive.o
                0x03801bf0                Drive::right_swing_to_angle(float)
 .text._ZN5Drive20right_swing_to_angleEfffffffff
                0x03801c68      0x1d8 build/src/JAR-Template/drive.o
                0x03801c68                Drive::right_swing_to_angle(float, float, float, float, float, float, float, float, float)
 .text._ZN5Drive27get_ForwardTracker_positionEv
                0x03801e40       0xa8 build/src/JAR-Template/drive.o
                0x03801e40                Drive::get_ForwardTracker_position()
 .text._ZN5Drive28get_SidewaysTracker_positionEv
                0x03801ee8       0x7c build/src/JAR-Template/drive.o
                0x03801ee8                Drive::get_SidewaysTracker_position()
 *fill*         0x03801f64        0x4 
 .text._ZN5Drive14position_trackEv
                0x03801f68       0x88 build/src/JAR-Template/drive.o
                0x03801f68                Drive::position_track()
 .text._ZN5Drive15set_coordinatesEfff
                0x03801ff0       0xb8 build/src/JAR-Template/drive.o
                0x03801ff0                Drive::set_coordinates(float, float, float)
 .text._ZN5Drive19position_track_taskEv
                0x038020a8       0x14 build/src/JAR-Template/drive.o
                0x038020a8                Drive::position_track_task()
 .text._ZN5Drive14get_X_positionEv
                0x038020bc        0x8 build/src/JAR-Template/drive.o
                0x038020bc                Drive::get_X_position()
 .text._ZN5Drive14get_Y_positionEv
                0x038020c4        0x8 build/src/JAR-Template/drive.o
                0x038020c4                Drive::get_Y_position()
 .text._ZN5Drive14drive_to_pointEff
                0x038020cc       0xd0 build/src/JAR-Template/drive.o
                0x038020cc                Drive::drive_to_point(float, float)
 *fill*         0x0380219c        0x4 
 .text._ZN5Drive14drive_to_pointEfffffffffffffff
                0x038021a0      0x36c build/src/JAR-Template/drive.o
                0x038021a0                Drive::drive_to_point(float, float, float, float, float, float, float, float, float, float, float, float, float, float, float)
 .text._ZN5Drive13turn_to_pointEff
                0x0380250c       0x5c build/src/JAR-Template/drive.o
                0x0380250c                Drive::turn_to_point(float, float)
 .text._ZN5Drive13turn_to_pointEfffffffffff
                0x03802568      0x248 build/src/JAR-Template/drive.o
                0x03802568                Drive::turn_to_point(float, float, float, float, float, float, float, float, float, float, float)
 .text._ZN5Drive24holonomic_drive_to_pointEffffffffffffffff
                0x038027b0      0x550 build/src/JAR-Template/drive.o
                0x038027b0                Drive::holonomic_drive_to_point(float, float, float, float, float, float, float, float, float, float, float, float, float, float, float, float)
 .text._ZN5Drive24holonomic_drive_to_pointEfff
                0x03802d00       0xd8 build/src/JAR-Template/drive.o
                0x03802d00                Drive::holonomic_drive_to_point(float, float, float)
 .text._ZN5Drive14control_arcadeEv
                0x03802dd8      0x114 build/src/JAR-Template/drive.o
                0x03802dd8                Drive::control_arcade()
 .text._ZN3PIDC2Efffff
                0x03802eec       0x2c build/src/JAR-Template/PID.o
                0x03802eec                PID::PID(float, float, float, float, float)
                0x03802eec                PID::PID(float, float, float, float, float)
 .text._ZN3PIDC2Effffffff
                0x03802f18       0x44 build/src/JAR-Template/PID.o
                0x03802f18                PID::PID(float, float, float, float, float, float, float, float)
                0x03802f18                PID::PID(float, float, float, float, float, float, float, float)
 .text._ZN3PID7computeEf
                0x03802f5c       0xd0 build/src/JAR-Template/PID.o
                0x03802f5c                PID::compute(float)
 .text._ZN3PID10is_settledEv
                0x0380302c       0x44 build/src/JAR-Template/PID.o
                0x0380302c                PID::is_settled()
 .text.vexMain  0x03803070       0xb0 C:\Program Files (x86)\VEX Robotics\VEXcode Pro V5\sdk/vexv5\libv5rt.a(v5_startup.c.obj)
                0x03803070                vexMain
 .text.__vex_function_prolog
                0x03803120       0x18 C:\Program Files (x86)\VEX Robotics\VEXcode Pro V5\sdk/vexv5\libv5rt.a(v5_startup.c.obj)
                0x03803120                __vex_function_prolog
 .text._init    0x03803138        0x4 C:\Program Files (x86)\VEX Robotics\VEXcode Pro V5\sdk/vexv5\libv5rt.a(v5_startup.c.obj)
                0x03803138                _init
 .text._fini    0x0380313c        0x4 C:\Program Files (x86)\VEX Robotics\VEXcode Pro V5\sdk/vexv5\libv5rt.a(v5_startup.c.obj)
                0x0380313c                _fini
 .text.vexStdlibVersionLinked
                0x03803140        0xc C:\Program Files (x86)\VEX Robotics\VEXcode Pro V5\sdk/vexv5\libv5rt.a(v5_util.c.obj)
                0x03803140                vexStdlibVersionLinked
 .text.vexStdlibVersionVerify
                0x0380314c       0x30 C:\Program Files (x86)\VEX Robotics\VEXcode Pro V5\sdk/vexv5\libv5rt.a(v5_util.c.obj)
                0x0380314c                vexStdlibVersionVerify
 .text.vexPrivateApiEnable
                0x0380317c       0x10 C:\Program Files (x86)\VEX Robotics\VEXcode Pro V5\sdk/vexv5\libv5rt.a(v5_apijump.c.obj)
                0x0380317c                vexPrivateApiEnable
 .text.vexStdlibMismatchError
                0x0380318c       0x3c C:\Program Files (x86)\VEX Robotics\VEXcode Pro V5\sdk/vexv5\libv5rt.a(v5_apijump.c.obj)
                0x0380318c                vexStdlibMismatchError
 .text.vexTaskAdd
                0x038031c8       0x10 C:\Program Files (x86)\VEX Robotics\VEXcode Pro V5\sdk/vexv5\libv5rt.a(v5_apijump.c.obj)
                0x038031c8                vexTaskAdd
 .text.vexTasksRun
                0x038031d8       0x10 C:\Program Files (x86)\VEX Robotics\VEXcode Pro V5\sdk/vexv5\libv5rt.a(v5_apijump.c.obj)
                0x038031d8                vexTasksRun
 .text.vexTaskYield
                0x038031e8       0x10 C:\Program Files (x86)\VEX Robotics\VEXcode Pro V5\sdk/vexv5\libv5rt.a(v5_apijump.c.obj)
                0x038031e8                vexTaskYield
 .text.vexTaskCheckTimeslice
                0x038031f8       0x10 C:\Program Files (x86)\VEX Robotics\VEXcode Pro V5\sdk/vexv5\libv5rt.a(v5_apijump.c.obj)
                0x038031f8                vexTaskCheckTimeslice
 .text.vexTaskGetIndex
                0x03803208       0x10 C:\Program Files (x86)\VEX Robotics\VEXcode Pro V5\sdk/vexv5\libv5rt.a(v5_apijump.c.obj)
                0x03803208                vexTaskGetIndex
 .text.vexTaskSleep
                0x03803218       0x10 C:\Program Files (x86)\VEX Robotics\VEXcode Pro V5\sdk/vexv5\libv5rt.a(v5_apijump.c.obj)
                0x03803218                vexTaskSleep
 .text.vexTasksDump
                0x03803228       0x1c C:\Program Files (x86)\VEX Robotics\VEXcode Pro V5\sdk/vexv5\libv5rt.a(v5_apijump.c.obj)
                0x03803228                vexTasksDump
 .text.vexTaskGetTaskIndex
                0x03803244       0x10 C:\Program Files (x86)\VEX Robotics\VEXcode Pro V5\sdk/vexv5\libv5rt.a(v5_apijump.c.obj)
                0x03803244                vexTaskGetTaskIndex
 .text.vexTaskStopAll
                0x03803254       0x10 C:\Program Files (x86)\VEX Robotics\VEXcode Pro V5\sdk/vexv5\libv5rt.a(v5_apijump.c.obj)
                0x03803254                vexTaskStopAll
 .text.vexTaskRemoveAllUser
                0x03803264       0x34 C:\Program Files (x86)\VEX Robotics\VEXcode Pro V5\sdk/vexv5\libv5rt.a(v5_apijump.c.obj)
                0x03803264                vexTaskRemoveAllUser
 .text.vexTaskCompletionIdSet
                0x03803298       0x10 C:\Program Files (x86)\VEX Robotics\VEXcode Pro V5\sdk/vexv5\libv5rt.a(v5_apijump.c.obj)
                0x03803298                vexTaskCompletionIdSet
 .text.vexTaskStopWithId
                0x038032a8       0x10 C:\Program Files (x86)\VEX Robotics\VEXcode Pro V5\sdk/vexv5\libv5rt.a(v5_apijump.c.obj)
                0x038032a8                vexTaskStopWithId
 .text.vexTaskGetCallbackAndId
                0x038032b8       0x54 C:\Program Files (x86)\VEX Robotics\VEXcode Pro V5\sdk/vexv5\libv5rt.a(v5_apijump.c.obj)
                0x038032b8                vexTaskGetCallbackAndId
 .text.vexCriticalSection
                0x0380330c       0x2c C:\Program Files (x86)\VEX Robotics\VEXcode Pro V5\sdk/vexv5\libv5rt.a(v5_apijump.c.obj)
                0x0380330c                vexCriticalSection
 .text.vexEventAdd
                0x03803338       0x34 C:\Program Files (x86)\VEX Robotics\VEXcode Pro V5\sdk/vexv5\libv5rt.a(v5_apijump.c.obj)
                0x03803338                vexEventAdd
 .text.vexEventUserIndexGet
                0x0380336c       0x1c C:\Program Files (x86)\VEX Robotics\VEXcode Pro V5\sdk/vexv5\libv5rt.a(v5_apijump.c.obj)
                0x0380336c                vexEventUserIndexGet
 .text.vexEventAddWithArg
                0x03803388       0x3c C:\Program Files (x86)\VEX Robotics\VEXcode Pro V5\sdk/vexv5\libv5rt.a(v5_apijump.c.obj)
                0x03803388                vexEventAddWithArg
 .text.vexEventsCleanup
                0x038033c4       0x2c C:\Program Files (x86)\VEX Robotics\VEXcode Pro V5\sdk/vexv5\libv5rt.a(v5_apijump.c.obj)
                0x038033c4                vexEventsCleanup
 .text.vexDebug
                0x038033f0       0x38 C:\Program Files (x86)\VEX Robotics\VEXcode Pro V5\sdk/vexv5\libv5rt.a(v5_apijump.c.obj)
                0x038033f0                vexDebug
 .text.vex_sprintf
                0x03803428       0x40 C:\Program Files (x86)\VEX Robotics\VEXcode Pro V5\sdk/vexv5\libv5rt.a(v5_apijump.c.obj)
                0x03803428                vex_sprintf
 .text.vexSystemTimeGet
                0x03803468       0x1c C:\Program Files (x86)\VEX Robotics\VEXcode Pro V5\sdk/vexv5\libv5rt.a(v5_apijump.c.obj)
                0x03803468                vexSystemTimeGet
 .text.vexSystemExitRequest
                0x03803484       0x1c C:\Program Files (x86)\VEX Robotics\VEXcode Pro V5\sdk/vexv5\libv5rt.a(v5_apijump.c.obj)
                0x03803484                vexSystemExitRequest
 .text.vexDeviceGetByIndex
                0x038034a0       0x24 C:\Program Files (x86)\VEX Robotics\VEXcode Pro V5\sdk/vexv5\libv5rt.a(v5_apijump.c.obj)
                0x038034a0                vexDeviceGetByIndex
 .text.vexControllerGet
                0x038034c4       0x2c C:\Program Files (x86)\VEX Robotics\VEXcode Pro V5\sdk/vexv5\libv5rt.a(v5_apijump.c.obj)
                0x038034c4                vexControllerGet
 .text.vexDeviceAdiPortConfigSet
                0x038034f0       0x34 C:\Program Files (x86)\VEX Robotics\VEXcode Pro V5\sdk/vexv5\libv5rt.a(v5_apijump.c.obj)
                0x038034f0                vexDeviceAdiPortConfigSet
 .text.vexDeviceAdiPortConfigGet
                0x03803524       0x2c C:\Program Files (x86)\VEX Robotics\VEXcode Pro V5\sdk/vexv5\libv5rt.a(v5_apijump.c.obj)
                0x03803524                vexDeviceAdiPortConfigGet
 .text.vexDeviceAdiValueGet
                0x03803550       0x2c C:\Program Files (x86)\VEX Robotics\VEXcode Pro V5\sdk/vexv5\libv5rt.a(v5_apijump.c.obj)
                0x03803550                vexDeviceAdiValueGet
 .text.vexDeviceMotorVelocitySet
                0x0380357c       0x2c C:\Program Files (x86)\VEX Robotics\VEXcode Pro V5\sdk/vexv5\libv5rt.a(v5_apijump.c.obj)
                0x0380357c                vexDeviceMotorVelocitySet
 .text.vexDeviceMotorVoltageSet
                0x038035a8       0x2c C:\Program Files (x86)\VEX Robotics\VEXcode Pro V5\sdk/vexv5\libv5rt.a(v5_apijump.c.obj)
                0x038035a8                vexDeviceMotorVoltageSet
 .text.vexDeviceMotorActualVelocityGet
                0x038035d4       0x24 C:\Program Files (x86)\VEX Robotics\VEXcode Pro V5\sdk/vexv5\libv5rt.a(v5_apijump.c.obj)
                0x038035d4                vexDeviceMotorActualVelocityGet
 .text.vexDeviceMotorReverseFlagSet
                0x038035f8       0x2c C:\Program Files (x86)\VEX Robotics\VEXcode Pro V5\sdk/vexv5\libv5rt.a(v5_apijump.c.obj)
                0x038035f8                vexDeviceMotorReverseFlagSet
 .text.vexDeviceMotorEncoderUnitsSet
                0x03803624       0x2c C:\Program Files (x86)\VEX Robotics\VEXcode Pro V5\sdk/vexv5\libv5rt.a(v5_apijump.c.obj)
                0x03803624                vexDeviceMotorEncoderUnitsSet
 .text.vexDeviceMotorBrakeModeSet
                0x03803650       0x2c C:\Program Files (x86)\VEX Robotics\VEXcode Pro V5\sdk/vexv5\libv5rt.a(v5_apijump.c.obj)
                0x03803650                vexDeviceMotorBrakeModeSet
 .text.vexDeviceMotorPositionSet
                0x0380367c       0x34 C:\Program Files (x86)\VEX Robotics\VEXcode Pro V5\sdk/vexv5\libv5rt.a(v5_apijump.c.obj)
                0x0380367c                vexDeviceMotorPositionSet
 .text.vexDeviceMotorPositionGet
                0x038036b0       0x24 C:\Program Files (x86)\VEX Robotics\VEXcode Pro V5\sdk/vexv5\libv5rt.a(v5_apijump.c.obj)
                0x038036b0                vexDeviceMotorPositionGet
 .text.vexDeviceMotorGearingSet
                0x038036d4       0x2c C:\Program Files (x86)\VEX Robotics\VEXcode Pro V5\sdk/vexv5\libv5rt.a(v5_apijump.c.obj)
                0x038036d4                vexDeviceMotorGearingSet
 .text.vexDeviceMotorGearingGet
                0x03803700       0x24 C:\Program Files (x86)\VEX Robotics\VEXcode Pro V5\sdk/vexv5\libv5rt.a(v5_apijump.c.obj)
                0x03803700                vexDeviceMotorGearingGet
 .text.vexDeviceImuReset
                0x03803724       0x24 C:\Program Files (x86)\VEX Robotics\VEXcode Pro V5\sdk/vexv5\libv5rt.a(v5_apijump.c.obj)
                0x03803724                vexDeviceImuReset
 .text.vexDeviceImuHeadingGet
                0x03803748       0x24 C:\Program Files (x86)\VEX Robotics\VEXcode Pro V5\sdk/vexv5\libv5rt.a(v5_apijump.c.obj)
                0x03803748                vexDeviceImuHeadingGet
 .text.vexDeviceImuDegreesGet
                0x0380376c       0x24 C:\Program Files (x86)\VEX Robotics\VEXcode Pro V5\sdk/vexv5\libv5rt.a(v5_apijump.c.obj)
                0x0380376c                vexDeviceImuDegreesGet
 .text.vexDeviceImuStatusGet
                0x03803790       0x24 C:\Program Files (x86)\VEX Robotics\VEXcode Pro V5\sdk/vexv5\libv5rt.a(v5_apijump.c.obj)
                0x03803790                vexDeviceImuStatusGet
 .text.vexDeviceAbsEncPositionGet
                0x038037b4       0x24 C:\Program Files (x86)\VEX Robotics\VEXcode Pro V5\sdk/vexv5\libv5rt.a(v5_apijump.c.obj)
                0x038037b4                vexDeviceAbsEncPositionGet
 .text.vexDeviceAbsEncAngleGet
                0x038037d8       0x24 C:\Program Files (x86)\VEX Robotics\VEXcode Pro V5\sdk/vexv5\libv5rt.a(v5_apijump.c.obj)
                0x038037d8                vexDeviceAbsEncAngleGet
 .text.vexDeviceAbsEncReverseFlagSet
                0x038037fc       0x2c C:\Program Files (x86)\VEX Robotics\VEXcode Pro V5\sdk/vexv5\libv5rt.a(v5_apijump.c.obj)
                0x038037fc                vexDeviceAbsEncReverseFlagSet
 .text.vexDisplayForegroundColor
                0x03803828       0x24 C:\Program Files (x86)\VEX Robotics\VEXcode Pro V5\sdk/vexv5\libv5rt.a(v5_apijump.c.obj)
                0x03803828                vexDisplayForegroundColor
 .text.vexDisplayBackgroundColor
                0x0380384c       0x24 C:\Program Files (x86)\VEX Robotics\VEXcode Pro V5\sdk/vexv5\libv5rt.a(v5_apijump.c.obj)
                0x0380384c                vexDisplayBackgroundColor
 .text.vexDisplayBackgroundColorGet
                0x03803870       0x1c C:\Program Files (x86)\VEX Robotics\VEXcode Pro V5\sdk/vexv5\libv5rt.a(v5_apijump.c.obj)
                0x03803870                vexDisplayBackgroundColorGet
 .text.vexDisplayRectClear
                0x0380388c       0x4c C:\Program Files (x86)\VEX Robotics\VEXcode Pro V5\sdk/vexv5\libv5rt.a(v5_apijump.c.obj)
                0x0380388c                vexDisplayRectClear
 .text.vexDisplayVPrintf
                0x038038d8       0x50 C:\Program Files (x86)\VEX Robotics\VEXcode Pro V5\sdk/vexv5\libv5rt.a(v5_apijump.c.obj)
                0x038038d8                vexDisplayVPrintf
 .text.vexDisplayTextReference
                0x03803928       0x24 C:\Program Files (x86)\VEX Robotics\VEXcode Pro V5\sdk/vexv5\libv5rt.a(v5_apijump.c.obj)
                0x03803928                vexDisplayTextReference
 .text.vexDisplayTextSize
                0x0380394c       0x2c C:\Program Files (x86)\VEX Robotics\VEXcode Pro V5\sdk/vexv5\libv5rt.a(v5_apijump.c.obj)
                0x0380394c                vexDisplayTextSize
 .text.vexDisplayFontNamedSet
                0x03803978       0x24 C:\Program Files (x86)\VEX Robotics\VEXcode Pro V5\sdk/vexv5\libv5rt.a(v5_apijump.c.obj)
                0x03803978                vexDisplayFontNamedSet
 .text.vexSystemStdlibImpureDataAddr
                0x0380399c       0x28 C:\Program Files (x86)\VEX Robotics\VEXcode Pro V5\sdk/vexv5\libv5rt.a(v5_apijump.c.obj)
                0x0380399c                vexSystemStdlibImpureDataAddr
 .text.vexSystemStdlibImpureDataSize
                0x038039c4       0x28 C:\Program Files (x86)\VEX Robotics\VEXcode Pro V5\sdk/vexv5\libv5rt.a(v5_apijump.c.obj)
                0x038039c4                vexSystemStdlibImpureDataSize
 .text.vexSystemSaveUserData
                0x038039ec       0x3c C:\Program Files (x86)\VEX Robotics\VEXcode Pro V5\sdk/vexv5\libv5rt.a(v5_apijump.c.obj)
                0x038039ec                vexSystemSaveUserData
 .text.vexTouchDataGet
                0x03803a28       0x10 C:\Program Files (x86)\VEX Robotics\VEXcode Pro V5\sdk/vexv5\libv5rt.a(v5_apijump.c.obj)
                0x03803a28                vexTouchDataGet
 .text.vexDisplayThemeIdGet
                0x03803a38       0x38 C:\Program Files (x86)\VEX Robotics\VEXcode Pro V5\sdk/vexv5\libv5rt.a(v5_apijump.c.obj)
                0x03803a38                vexDisplayThemeIdGet
 .text.vexDeviceEventMaskSet
                0x03803a70       0x48 C:\Program Files (x86)\VEX Robotics\VEXcode Pro V5\sdk/vexv5\libv5rt.a(v5_apijump.c.obj)
                0x03803a70                vexDeviceEventMaskSet
 .text.vexDeviceEventMaskGet
                0x03803ab8       0x3c C:\Program Files (x86)\VEX Robotics\VEXcode Pro V5\sdk/vexv5\libv5rt.a(v5_apijump.c.obj)
                0x03803ab8                vexDeviceEventMaskGet
 .text.vexSystemVersion
                0x03803af4       0x10 C:\Program Files (x86)\VEX Robotics\VEXcode Pro V5\sdk/vexv5\libv5rt.a(v5_apiversions.c.obj)
                0x03803af4                vexSystemVersion
 .text.vexStdlibVersion
                0x03803b04       0x10 C:\Program Files (x86)\VEX Robotics\VEXcode Pro V5\sdk/vexv5\libv5rt.a(v5_apiversions.c.obj)
                0x03803b04                vexStdlibVersion
 *fill*         0x03803b14        0x4 
 .text._ZN3vex4waitEdNS_9timeUnitsE
                0x03803b18       0x30 C:\Program Files (x86)\VEX Robotics\VEXcode Pro V5\sdk/vexv5\libv5rt.a(vex_global.cpp.obj)
                0x03803b18                vex::wait(double, vex::timeUnits)
 .text._ZN3vex5motorD2Ev
                0x03803b48       0x20 C:\Program Files (x86)\VEX Robotics\VEXcode Pro V5\sdk/vexv5\libv5rt.a(vex_motor.cpp.obj)
                0x03803b48                vex::motor::~motor()
                0x03803b48                vex::motor::~motor()
 .text._ZN3vex5motorD0Ev
                0x03803b68       0x1c C:\Program Files (x86)\VEX Robotics\VEXcode Pro V5\sdk/vexv5\libv5rt.a(vex_motor.cpp.obj)
                0x03803b68                vex::motor::~motor()
 .text._ZN3vex5motor9installedEv
                0x03803b84       0x18 C:\Program Files (x86)\VEX Robotics\VEXcode Pro V5\sdk/vexv5\libv5rt.a(vex_motor.cpp.obj)
                0x03803b84                vex::motor::installed()
 .text._ZN3vex5motor15defaultStoppingENS_9brakeTypeE
                0x03803b9c       0x30 C:\Program Files (x86)\VEX Robotics\VEXcode Pro V5\sdk/vexv5\libv5rt.a(vex_motor.cpp.obj)
                0x03803b9c                vex::motor::defaultStopping(vex::brakeType)
 .text._ZN3vex5motorC2El
                0x03803bcc       0x78 C:\Program Files (x86)\VEX Robotics\VEXcode Pro V5\sdk/vexv5\libv5rt.a(vex_motor.cpp.obj)
                0x03803bcc                vex::motor::motor(long)
                0x03803bcc                vex::motor::motor(long)
 .text._ZN3vex5motorC2ElNS_11gearSettingEb
                0x03803c44       0x34 C:\Program Files (x86)\VEX Robotics\VEXcode Pro V5\sdk/vexv5\libv5rt.a(vex_motor.cpp.obj)
                0x03803c44                vex::motor::motor(long, vex::gearSetting, bool)
                0x03803c44                vex::motor::motor(long, vex::gearSetting, bool)
 .text._ZN3vex5motorC2Elb
                0x03803c78       0x24 C:\Program Files (x86)\VEX Robotics\VEXcode Pro V5\sdk/vexv5\libv5rt.a(vex_motor.cpp.obj)
                0x03803c78                vex::motor::motor(long, bool)
                0x03803c78                vex::motor::motor(long, bool)
 *fill*         0x03803c9c        0x4 
 .text._ZN3vex5motor4spinENS_13directionTypeEdNS_12voltageUnitsE
                0x03803ca0       0x50 C:\Program Files (x86)\VEX Robotics\VEXcode Pro V5\sdk/vexv5\libv5rt.a(vex_motor.cpp.obj)
                0x03803ca0                vex::motor::spin(vex::directionType, double, vex::voltageUnits)
 .text._ZN3vex5motor4stopENS_9brakeTypeE
                0x03803cf0       0x30 C:\Program Files (x86)\VEX Robotics\VEXcode Pro V5\sdk/vexv5\libv5rt.a(vex_motor.cpp.obj)
                0x03803cf0                vex::motor::stop(vex::brakeType)
 .text._ZN3vex5motor16velocityToScaledEdNS_13velocityUnitsE
                0x03803d20       0x5c C:\Program Files (x86)\VEX Robotics\VEXcode Pro V5\sdk/vexv5\libv5rt.a(vex_motor.cpp.obj)
                0x03803d20                vex::motor::velocityToScaled(double, vex::velocityUnits)
 .text._ZN3vex5motor8velocityENS_13velocityUnitsE
                0x03803d7c       0x30 C:\Program Files (x86)\VEX Robotics\VEXcode Pro V5\sdk/vexv5\libv5rt.a(vex_motor.cpp.obj)
                0x03803d7c                vex::motor::velocity(vex::velocityUnits)
 .text._ZN3vex5motor5valueEv
                0x03803dac       0x1c C:\Program Files (x86)\VEX Robotics\VEXcode Pro V5\sdk/vexv5\libv5rt.a(vex_motor.cpp.obj)
                0x03803dac                vex::motor::value()
 .text._ZN3vex5motor16setRotationUnitsENS_13rotationUnitsE
                0x03803dc8       0x1c C:\Program Files (x86)\VEX Robotics\VEXcode Pro V5\sdk/vexv5\libv5rt.a(vex_motor.cpp.obj)
                0x03803dc8                vex::motor::setRotationUnits(vex::rotationUnits)
 .text._ZN3vex5motor8rotationENS_13rotationUnitsE
                0x03803de4       0x44 C:\Program Files (x86)\VEX Robotics\VEXcode Pro V5\sdk/vexv5\libv5rt.a(vex_motor.cpp.obj)
                0x03803de4                vex::motor::rotation(vex::rotationUnits)
 .text._ZN3vex8inertial11getTurnTypeEv
                0x03803e28        0x8 C:\Program Files (x86)\VEX Robotics\VEXcode Pro V5\sdk/vexv5\libv5rt.a(vex_imu.cpp.obj)
                0x03803e28                vex::inertial::getTurnType()
 .text._ZThn16_N3vex8inertial11getTurnTypeEv
                0x03803e30        0x8 C:\Program Files (x86)\VEX Robotics\VEXcode Pro V5\sdk/vexv5\libv5rt.a(vex_imu.cpp.obj)
                0x03803e30                non-virtual thunk to vex::inertial::getTurnType()
 .text._ZN3vex8inertial10setHeadingEdNS_13rotationUnitsE
                0x03803e38       0x58 C:\Program Files (x86)\VEX Robotics\VEXcode Pro V5\sdk/vexv5\libv5rt.a(vex_imu.cpp.obj)
                0x03803e38                vex::inertial::setHeading(double, vex::rotationUnits)
 .text._ZThn16_N3vex8inertial10setHeadingEdNS_13rotationUnitsE
                0x03803e90        0x8 C:\Program Files (x86)\VEX Robotics\VEXcode Pro V5\sdk/vexv5\libv5rt.a(vex_imu.cpp.obj)
                0x03803e90                non-virtual thunk to vex::inertial::setHeading(double, vex::rotationUnits)
 .text._ZN3vex8inertial11setRotationEdNS_13rotationUnitsE
                0x03803e98       0x58 C:\Program Files (x86)\VEX Robotics\VEXcode Pro V5\sdk/vexv5\libv5rt.a(vex_imu.cpp.obj)
                0x03803e98                vex::inertial::setRotation(double, vex::rotationUnits)
 .text._ZThn16_N3vex8inertial11setRotationEdNS_13rotationUnitsE
                0x03803ef0        0x8 C:\Program Files (x86)\VEX Robotics\VEXcode Pro V5\sdk/vexv5\libv5rt.a(vex_imu.cpp.obj)
                0x03803ef0                non-virtual thunk to vex::inertial::setRotation(double, vex::rotationUnits)
 .text._ZN3vex8inertialD2Ev
                0x03803ef8       0x20 C:\Program Files (x86)\VEX Robotics\VEXcode Pro V5\sdk/vexv5\libv5rt.a(vex_imu.cpp.obj)
                0x03803ef8                vex::inertial::~inertial()
                0x03803ef8                vex::inertial::~inertial()
 .text._ZThn16_N3vex8inertialD1Ev
                0x03803f18        0x8 C:\Program Files (x86)\VEX Robotics\VEXcode Pro V5\sdk/vexv5\libv5rt.a(vex_imu.cpp.obj)
                0x03803f18                non-virtual thunk to vex::inertial::~inertial()
 .text._ZN3vex8inertialD0Ev
                0x03803f20       0x1c C:\Program Files (x86)\VEX Robotics\VEXcode Pro V5\sdk/vexv5\libv5rt.a(vex_imu.cpp.obj)
                0x03803f20                vex::inertial::~inertial()
 .text._ZThn16_N3vex8inertialD0Ev
                0x03803f3c        0x8 C:\Program Files (x86)\VEX Robotics\VEXcode Pro V5\sdk/vexv5\libv5rt.a(vex_imu.cpp.obj)
                0x03803f3c                non-virtual thunk to vex::inertial::~inertial()
 .text._ZN3vex8inertial9installedEv
                0x03803f44       0x18 C:\Program Files (x86)\VEX Robotics\VEXcode Pro V5\sdk/vexv5\libv5rt.a(vex_imu.cpp.obj)
                0x03803f44                vex::inertial::installed()
 .text._ZN3vex8inertial5angleENS_13rotationUnitsE
                0x03803f5c       0x6c C:\Program Files (x86)\VEX Robotics\VEXcode Pro V5\sdk/vexv5\libv5rt.a(vex_imu.cpp.obj)
                0x03803f5c                vex::inertial::angle(vex::rotationUnits)
 .text._ZThn16_N3vex8inertial5angleENS_13rotationUnitsE
                0x03803fc8        0x8 C:\Program Files (x86)\VEX Robotics\VEXcode Pro V5\sdk/vexv5\libv5rt.a(vex_imu.cpp.obj)
                0x03803fc8                non-virtual thunk to vex::inertial::angle(vex::rotationUnits)
 .text._ZN3vex8inertial7headingENS_13rotationUnitsE
                0x03803fd0        0x4 C:\Program Files (x86)\VEX Robotics\VEXcode Pro V5\sdk/vexv5\libv5rt.a(vex_imu.cpp.obj)
                0x03803fd0                vex::inertial::heading(vex::rotationUnits)
 .text._ZThn16_N3vex8inertial7headingENS_13rotationUnitsE
                0x03803fd4        0x8 C:\Program Files (x86)\VEX Robotics\VEXcode Pro V5\sdk/vexv5\libv5rt.a(vex_imu.cpp.obj)
                0x03803fd4                non-virtual thunk to vex::inertial::heading(vex::rotationUnits)
 .text._ZN3vex8inertial5valueEv
                0x03803fdc       0x1c C:\Program Files (x86)\VEX Robotics\VEXcode Pro V5\sdk/vexv5\libv5rt.a(vex_imu.cpp.obj)
                0x03803fdc                vex::inertial::value()
 .text._ZN3vex8inertial8rotationENS_13rotationUnitsE
                0x03803ff8       0x48 C:\Program Files (x86)\VEX Robotics\VEXcode Pro V5\sdk/vexv5\libv5rt.a(vex_imu.cpp.obj)
                0x03803ff8                vex::inertial::rotation(vex::rotationUnits)
 .text._ZThn16_N3vex8inertial8rotationENS_13rotationUnitsE
                0x03804040        0x8 C:\Program Files (x86)\VEX Robotics\VEXcode Pro V5\sdk/vexv5\libv5rt.a(vex_imu.cpp.obj)
                0x03804040                non-virtual thunk to vex::inertial::rotation(vex::rotationUnits)
 .text._ZN3vex8inertial13isCalibratingEv
                0x03804048       0x38 C:\Program Files (x86)\VEX Robotics\VEXcode Pro V5\sdk/vexv5\libv5rt.a(vex_imu.cpp.obj)
                0x03804048                vex::inertial::isCalibrating()
 .text._ZThn16_N3vex8inertial13isCalibratingEv
                0x03804080        0x8 C:\Program Files (x86)\VEX Robotics\VEXcode Pro V5\sdk/vexv5\libv5rt.a(vex_imu.cpp.obj)
                0x03804080                non-virtual thunk to vex::inertial::isCalibrating()
 .text._ZN3vex8inertialC2ElNS_8turnTypeE
                0x03804088       0x4c C:\Program Files (x86)\VEX Robotics\VEXcode Pro V5\sdk/vexv5\libv5rt.a(vex_imu.cpp.obj)
                0x03804088                vex::inertial::inertial(long, vex::turnType)
                0x03804088                vex::inertial::inertial(long, vex::turnType)
 .text._ZN3vex8inertial16startCalibrationEl
                0x038040d4       0x20 C:\Program Files (x86)\VEX Robotics\VEXcode Pro V5\sdk/vexv5\libv5rt.a(vex_imu.cpp.obj)
                0x038040d4                vex::inertial::startCalibration(long)
 .text._ZN3vex8inertial9calibrateEl
                0x038040f4        0xc C:\Program Files (x86)\VEX Robotics\VEXcode Pro V5\sdk/vexv5\libv5rt.a(vex_imu.cpp.obj)
                0x038040f4                vex::inertial::calibrate(long)
                0x038040f8                non-virtual thunk to vex::inertial::calibrate(long)
 .text._ZN3vex8rotationD2Ev
                0x03804100       0x20 C:\Program Files (x86)\VEX Robotics\VEXcode Pro V5\sdk/vexv5\libv5rt.a(vex_rotation.cpp.obj)
                0x03804100                vex::rotation::~rotation()
                0x03804100                vex::rotation::~rotation()
 .text._ZN3vex8rotationD0Ev
                0x03804120       0x1c C:\Program Files (x86)\VEX Robotics\VEXcode Pro V5\sdk/vexv5\libv5rt.a(vex_rotation.cpp.obj)
                0x03804120                vex::rotation::~rotation()
 .text._ZN3vex8rotation9installedEv
                0x0380413c       0x18 C:\Program Files (x86)\VEX Robotics\VEXcode Pro V5\sdk/vexv5\libv5rt.a(vex_rotation.cpp.obj)
                0x0380413c                vex::rotation::installed()
 .text._ZN3vex8rotation5valueEv
                0x03804154        0x8 C:\Program Files (x86)\VEX Robotics\VEXcode Pro V5\sdk/vexv5\libv5rt.a(vex_rotation.cpp.obj)
                0x03804154                vex::rotation::value()
 .text._ZN3vex8rotationC2Elb
                0x0380415c       0x30 C:\Program Files (x86)\VEX Robotics\VEXcode Pro V5\sdk/vexv5\libv5rt.a(vex_rotation.cpp.obj)
                0x0380415c                vex::rotation::rotation(long, bool)
                0x0380415c                vex::rotation::rotation(long, bool)
 *fill*         0x0380418c        0x4 
 .text._ZN3vex8rotation8positionENS_13rotationUnitsE
                0x03804190       0x50 C:\Program Files (x86)\VEX Robotics\VEXcode Pro V5\sdk/vexv5\libv5rt.a(vex_rotation.cpp.obj)
                0x03804190                vex::rotation::position(vex::rotationUnits)
 .text._ZN3vex10controllerD2Ev
                0x038041e0        0x4 C:\Program Files (x86)\VEX Robotics\VEXcode Pro V5\sdk/vexv5\libv5rt.a(vex_controller.cpp.obj)
                0x038041e0                vex::controller::~controller()
                0x038041e0                vex::controller::~controller()
 .text._ZN3vex10controller5valueE19_V5_ControllerIndex
                0x038041e4        0x8 C:\Program Files (x86)\VEX Robotics\VEXcode Pro V5\sdk/vexv5\libv5rt.a(vex_controller.cpp.obj)
                0x038041e4                vex::controller::value(_V5_ControllerIndex)
 .text._ZNK3vex10controller6button21_buttonToPressedEventEv
                0x038041ec       0x20 C:\Program Files (x86)\VEX Robotics\VEXcode Pro V5\sdk/vexv5\libv5rt.a(vex_controller.cpp.obj)
                0x038041ec                vex::controller::button::_buttonToPressedEvent() const
 .text._ZNK3vex10controller6button22_buttonToReleasedEventEv
                0x0380420c       0x20 C:\Program Files (x86)\VEX Robotics\VEXcode Pro V5\sdk/vexv5\libv5rt.a(vex_controller.cpp.obj)
                0x0380420c                vex::controller::button::_buttonToReleasedEvent() const
 .text._ZN3vex10controller6buttonC2ENS0_11tButtonTypeEPS0_
                0x0380422c       0x48 C:\Program Files (x86)\VEX Robotics\VEXcode Pro V5\sdk/vexv5\libv5rt.a(vex_controller.cpp.obj)
                0x0380422c                vex::controller::button::button(vex::controller::tButtonType, vex::controller*)
                0x0380422c                vex::controller::button::button(vex::controller::tButtonType, vex::controller*)
 .text._ZNK3vex10controller4axis5valueEv
                0x03804274       0x58 C:\Program Files (x86)\VEX Robotics\VEXcode Pro V5\sdk/vexv5\libv5rt.a(vex_controller.cpp.obj)
                0x03804274                vex::controller::axis::value() const
 .text._ZNK3vex10controller4axis23_joystickToChangedEventEv
                0x038042cc       0x20 C:\Program Files (x86)\VEX Robotics\VEXcode Pro V5\sdk/vexv5\libv5rt.a(vex_controller.cpp.obj)
                0x038042cc                vex::controller::axis::_joystickToChangedEvent() const
 .text._ZN3vex10controller4axisC2ENS0_9tAxisTypeEPS0_
                0x038042ec       0x2c C:\Program Files (x86)\VEX Robotics\VEXcode Pro V5\sdk/vexv5\libv5rt.a(vex_controller.cpp.obj)
                0x038042ec                vex::controller::axis::axis(vex::controller::tAxisType, vex::controller*)
                0x038042ec                vex::controller::axis::axis(vex::controller::tAxisType, vex::controller*)
 .text._ZN3vex10controllerC2ENS_14controllerTypeE
                0x03804318      0x16c C:\Program Files (x86)\VEX Robotics\VEXcode Pro V5\sdk/vexv5\libv5rt.a(vex_controller.cpp.obj)
                0x03804318                vex::controller::controller(vex::controllerType)
                0x03804318                vex::controller::controller(vex::controllerType)
 .text._ZN3vex4taskC2Ev
                0x03804484       0x28 C:\Program Files (x86)\VEX Robotics\VEXcode Pro V5\sdk/vexv5\libv5rt.a(vex_task.cpp.obj)
                0x03804484                vex::task::task()
                0x03804484                vex::task::task()
 .text._ZN3vex4taskC2EPFivE
                0x038044ac       0x5c C:\Program Files (x86)\VEX Robotics\VEXcode Pro V5\sdk/vexv5\libv5rt.a(vex_task.cpp.obj)
                0x038044ac                vex::task::task(int (*)())
                0x038044ac                vex::task::task(int (*)())
 .text._ZN3vex4taskD2Ev
                0x03804508        0x4 C:\Program Files (x86)\VEX Robotics\VEXcode Pro V5\sdk/vexv5\libv5rt.a(vex_task.cpp.obj)
                0x03804508                vex::task::~task()
                0x03804508                vex::task::~task()
 .text._ZN3vex4task4stopEPvi
                0x0380450c       0x1c C:\Program Files (x86)\VEX Robotics\VEXcode Pro V5\sdk/vexv5\libv5rt.a(vex_task.cpp.obj)
                0x0380450c                vex::task::stop(void*, int)
 .text._ZN3vex4task5sleepEm
                0x03804528        0x4 C:\Program Files (x86)\VEX Robotics\VEXcode Pro V5\sdk/vexv5\libv5rt.a(vex_task.cpp.obj)
                0x03804528                vex::task::sleep(unsigned long)
 .text._ZN3vex4task6_indexEPFivE
                0x0380452c       0x14 C:\Program Files (x86)\VEX Robotics\VEXcode Pro V5\sdk/vexv5\libv5rt.a(vex_task.cpp.obj)
                0x0380452c                vex::task::_index(int (*)())
 .text._ZN3vex4task8_stopAllEv
                0x03804540       0x3c C:\Program Files (x86)\VEX Robotics\VEXcode Pro V5\sdk/vexv5\libv5rt.a(vex_task.cpp.obj)
                0x03804540                vex::task::_stopAll()
 .text._ZN3vex11this_thread9sleep_forEm
                0x0380457c        0x4 C:\Program Files (x86)\VEX Robotics\VEXcode Pro V5\sdk/vexv5\libv5rt.a(vex_thread.cpp.obj)
                0x0380457c                vex::this_thread::sleep_for(unsigned long)
 .text._ZN3vex5event4initEmmPFvvE
                0x03804580        0x4 C:\Program Files (x86)\VEX Robotics\VEXcode Pro V5\sdk/vexv5\libv5rt.a(vex_event.cpp.obj)
                0x03804580                vex::event::init(unsigned long, unsigned long, void (*)())
 .text._ZN3vex5event4initEmmPFvPvES1_
                0x03804584        0x4 C:\Program Files (x86)\VEX Robotics\VEXcode Pro V5\sdk/vexv5\libv5rt.a(vex_event.cpp.obj)
                0x03804584                vex::event::init(unsigned long, unsigned long, void (*)(void*), void*)
 .text._ZN3vex5event9userindexEv
                0x03804588        0x4 C:\Program Files (x86)\VEX Robotics\VEXcode Pro V5\sdk/vexv5\libv5rt.a(vex_event.cpp.obj)
                0x03804588                vex::event::userindex()
 .text._ZZN3vex6meventC4EmmENUlvE_4_FUNEv
                0x0380458c        0x4 C:\Program Files (x86)\VEX Robotics\VEXcode Pro V5\sdk/vexv5\libv5rt.a(vex_mevent.cpp.obj)
 .text._ZN3vex6meventC2Emm
                0x03804590       0x70 C:\Program Files (x86)\VEX Robotics\VEXcode Pro V5\sdk/vexv5\libv5rt.a(vex_mevent.cpp.obj)
                0x03804590                vex::mevent::mevent(unsigned long, unsigned long)
                0x03804590                vex::mevent::mevent(unsigned long, unsigned long)
 .text._ZN3vex5brain9_getIndexEv
                0x03804600       0x10 C:\Program Files (x86)\VEX Robotics\VEXcode Pro V5\sdk/vexv5\libv5rt.a(vex_brain.cpp.obj)
                0x03804600                vex::brain::_getIndex()
 .text._ZN3vex5brain3lcd9setCursorEll
                0x03804610       0x44 C:\Program Files (x86)\VEX Robotics\VEXcode Pro V5\sdk/vexv5\libv5rt.a(vex_brain.cpp.obj)
                0x03804610                vex::brain::lcd::setCursor(long, long)
 .text._ZN3vex5brain3lcd7setFontENS_8fontTypeE
                0x03804654      0x23c C:\Program Files (x86)\VEX Robotics\VEXcode Pro V5\sdk/vexv5\libv5rt.a(vex_brain.cpp.obj)
                0x03804654                vex::brain::lcd::setFont(vex::fontType)
 .text._ZN3vex5brain3lcdC2Ev
                0x03804890       0x94 C:\Program Files (x86)\VEX Robotics\VEXcode Pro V5\sdk/vexv5\libv5rt.a(vex_brain.cpp.obj)
                0x03804890                vex::brain::lcd::lcd()
                0x03804890                vex::brain::lcd::lcd()
 .text._ZN3vex5brainC2Ev
                0x03804924       0x3c C:\Program Files (x86)\VEX Robotics\VEXcode Pro V5\sdk/vexv5\libv5rt.a(vex_brain.cpp.obj)
                0x03804924                vex::brain::brain()
                0x03804924                vex::brain::brain()
 .text._ZN3vex5brain3lcd7printAtEllPKcz
                0x03804960       0x54 C:\Program Files (x86)\VEX Robotics\VEXcode Pro V5\sdk/vexv5\libv5rt.a(vex_brain.cpp.obj)
                0x03804960                vex::brain::lcd::printAt(long, long, char const*, ...)
 .text._ZN3vex5brain3lcd12_clearScreenEm
                0x038049b4       0x38 C:\Program Files (x86)\VEX Robotics\VEXcode Pro V5\sdk/vexv5\libv5rt.a(vex_brain.cpp.obj)
                0x038049b4                vex::brain::lcd::_clearScreen(unsigned long)
 .text._ZN3vex5brain3lcd11clearScreenERKNS_5colorE
                0x038049ec       0x20 C:\Program Files (x86)\VEX Robotics\VEXcode Pro V5\sdk/vexv5\libv5rt.a(vex_brain.cpp.obj)
                0x038049ec                vex::brain::lcd::clearScreen(vex::color const&)
 .text._ZN3vex5brain3lcd11clearScreenEv
                0x03804a0c       0x2c C:\Program Files (x86)\VEX Robotics\VEXcode Pro V5\sdk/vexv5\libv5rt.a(vex_brain.cpp.obj)
                0x03804a0c                vex::brain::lcd::clearScreen()
 .text._ZN3vex5brain3lcd8pressingEv
                0x03804a38       0x20 C:\Program Files (x86)\VEX Robotics\VEXcode Pro V5\sdk/vexv5\libv5rt.a(vex_brain.cpp.obj)
                0x03804a38                vex::brain::lcd::pressing()
 .text._ZN3vex5brainD2Ev
                0x03804a58       0x20 C:\Program Files (x86)\VEX Robotics\VEXcode Pro V5\sdk/vexv5\libv5rt.a(vex_brain.cpp.obj)
                0x03804a58                vex::brain::~brain()
                0x03804a58                vex::brain::~brain()
 .text._ZN3vex11competition8_disableEPv
                0x03804a78       0xa4 C:\Program Files (x86)\VEX Robotics\VEXcode Pro V5\sdk/vexv5\libv5rt.a(vex_competition.cpp.obj)
                0x03804a78                vex::competition::_disable(void*)
 .text._ZN3vex11competition11_autonomousEv
                0x03804b1c       0x80 C:\Program Files (x86)\VEX Robotics\VEXcode Pro V5\sdk/vexv5\libv5rt.a(vex_competition.cpp.obj)
                0x03804b1c                vex::competition::_autonomous()
 .text._ZN3vex11competition14_drivercontrolEv
                0x03804b9c       0x80 C:\Program Files (x86)\VEX Robotics\VEXcode Pro V5\sdk/vexv5\libv5rt.a(vex_competition.cpp.obj)
                0x03804b9c                vex::competition::_drivercontrol()
 .text._ZN3vex11competitionC2Ev
                0x03804c1c      0x13c C:\Program Files (x86)\VEX Robotics\VEXcode Pro V5\sdk/vexv5\libv5rt.a(vex_competition.cpp.obj)
                0x03804c1c                vex::competition::competition()
                0x03804c1c                vex::competition::competition()
 .text._ZN3vex11competitionD2Ev
                0x03804d58        0x4 C:\Program Files (x86)\VEX Robotics\VEXcode Pro V5\sdk/vexv5\libv5rt.a(vex_competition.cpp.obj)
                0x03804d58                vex::competition::~competition()
                0x03804d58                vex::competition::~competition()
 .text._ZN3vex11competition10autonomousEPFvvE
                0x03804d5c       0x44 C:\Program Files (x86)\VEX Robotics\VEXcode Pro V5\sdk/vexv5\libv5rt.a(vex_competition.cpp.obj)
                0x03804d5c                vex::competition::autonomous(void (*)())
 .text._ZN3vex11competition13drivercontrolEPFvvE
                0x03804da0       0x44 C:\Program Files (x86)\VEX Robotics\VEXcode Pro V5\sdk/vexv5\libv5rt.a(vex_competition.cpp.obj)
                0x03804da0                vex::competition::drivercontrol(void (*)())
 .text._ZN3vex7triportD2Ev
                0x03804de4       0x38 C:\Program Files (x86)\VEX Robotics\VEXcode Pro V5\sdk/vexv5\libv5rt.a(vex_triport.cpp.obj)
                0x03804de4                vex::triport::~triport()
                0x03804de4                vex::triport::~triport()
 .text._ZN3vex7triportD0Ev
                0x03804e1c       0x1c C:\Program Files (x86)\VEX Robotics\VEXcode Pro V5\sdk/vexv5\libv5rt.a(vex_triport.cpp.obj)
                0x03804e1c                vex::triport::~triport()
 .text._ZN3vex7triport9installedEv
                0x03804e38       0x18 C:\Program Files (x86)\VEX Robotics\VEXcode Pro V5\sdk/vexv5\libv5rt.a(vex_triport.cpp.obj)
                0x03804e38                vex::triport::installed()
 .text._ZN3vex7triport4portC2ElPS0_
                0x03804e50       0x74 C:\Program Files (x86)\VEX Robotics\VEXcode Pro V5\sdk/vexv5\libv5rt.a(vex_triport.cpp.obj)
                0x03804e50                vex::triport::port::port(long, vex::triport*)
                0x03804e50                vex::triport::port::port(long, vex::triport*)
 .text._ZN3vex7triportC2El
                0x03804ec4       0xf0 C:\Program Files (x86)\VEX Robotics\VEXcode Pro V5\sdk/vexv5\libv5rt.a(vex_triport.cpp.obj)
                0x03804ec4                vex::triport::triport(long)
                0x03804ec4                vex::triport::triport(long)
 .text._ZN3vex7triport4port4typeENS_11triportTypeE
                0x03804fb4       0x30 C:\Program Files (x86)\VEX Robotics\VEXcode Pro V5\sdk/vexv5\libv5rt.a(vex_triport.cpp.obj)
                0x03804fb4                vex::triport::port::type(vex::triportType)
 .text._ZN3vex7triport4port4typeEv
                0x03804fe4       0x38 C:\Program Files (x86)\VEX Robotics\VEXcode Pro V5\sdk/vexv5\libv5rt.a(vex_triport.cpp.obj)
                0x03804fe4                vex::triport::port::type()
 .text._ZN3vex7triport4port5valueEv
                0x0380501c       0x14 C:\Program Files (x86)\VEX Robotics\VEXcode Pro V5\sdk/vexv5\libv5rt.a(vex_triport.cpp.obj)
                0x0380501c                vex::triport::port::value()
 .text._ZN3vex7triport4port8rotationENS_13rotationUnitsE
                0x03805030       0x40 C:\Program Files (x86)\VEX Robotics\VEXcode Pro V5\sdk/vexv5\libv5rt.a(vex_triport.cpp.obj)
                0x03805030                vex::triport::port::rotation(vex::rotationUnits)
 .text._ZN3vex11__trideviceC2ERNS_7triport4portENS_11triportTypeE
                0x03805070       0x5c C:\Program Files (x86)\VEX Robotics\VEXcode Pro V5\sdk/vexv5\libv5rt.a(vex_triport.cpp.obj)
                0x03805070                vex::__tridevice::__tridevice(vex::triport::port&, vex::triportType)
                0x03805070                vex::__tridevice::__tridevice(vex::triport::port&, vex::triportType)
 .text._ZN3vex5limitC2ERNS_7triport4portE
                0x038050cc       0x28 C:\Program Files (x86)\VEX Robotics\VEXcode Pro V5\sdk/vexv5\libv5rt.a(vex_triport.cpp.obj)
                0x038050cc                vex::limit::limit(vex::triport::port&)
                0x038050cc                vex::limit::limit(vex::triport::port&)
 .text._ZN3vex5limitD2Ev
                0x038050f4        0x4 C:\Program Files (x86)\VEX Robotics\VEXcode Pro V5\sdk/vexv5\libv5rt.a(vex_triport.cpp.obj)
                0x038050f4                vex::limit::~limit()
                0x038050f4                vex::limit::~limit()
 .text._ZN3vex5limit5valueEv
                0x038050f8        0x8 C:\Program Files (x86)\VEX Robotics\VEXcode Pro V5\sdk/vexv5\libv5rt.a(vex_triport.cpp.obj)
                0x038050f8                vex::limit::value()
 .text._ZN3vex7encoderC2ERNS_7triport4portE
                0x03805100       0x20 C:\Program Files (x86)\VEX Robotics\VEXcode Pro V5\sdk/vexv5\libv5rt.a(vex_triport.cpp.obj)
                0x03805100                vex::encoder::encoder(vex::triport::port&)
                0x03805100                vex::encoder::encoder(vex::triport::port&)
 .text._ZN3vex7encoderD2Ev
                0x03805120        0x4 C:\Program Files (x86)\VEX Robotics\VEXcode Pro V5\sdk/vexv5\libv5rt.a(vex_triport.cpp.obj)
                0x03805120                vex::encoder::~encoder()
                0x03805120                vex::encoder::~encoder()
 .text._ZN3vex7encoder8positionENS_13rotationUnitsE
                0x03805124        0x8 C:\Program Files (x86)\VEX Robotics\VEXcode Pro V5\sdk/vexv5\libv5rt.a(vex_triport.cpp.obj)
                0x03805124                vex::encoder::position(vex::rotationUnits)
 .text._ZN3vex5colorD2Ev
                0x0380512c        0x4 C:\Program Files (x86)\VEX Robotics\VEXcode Pro V5\sdk/vexv5\libv5rt.a(vex_color.cpp.obj)
                0x0380512c                vex::color::~color()
                0x0380512c                vex::color::~color()
 .text._ZNK3vex5colorcvmEv
                0x03805130        0x8 C:\Program Files (x86)\VEX Robotics\VEXcode Pro V5\sdk/vexv5\libv5rt.a(vex_color.cpp.obj)
                0x03805130                vex::color::operator unsigned long() const
 .text.startup._GLOBAL__sub_I__ZN3vex5color5blackE
                0x03805138      0x164 C:\Program Files (x86)\VEX Robotics\VEXcode Pro V5\sdk/vexv5\libv5rt.a(vex_color.cpp.obj)
 .text._ZN3vex5timerD2Ev
                0x0380529c        0x4 C:\Program Files (x86)\VEX Robotics\VEXcode Pro V5\sdk/vexv5\libv5rt.a(vex_timer.cpp.obj)
                0x0380529c                vex::timer::~timer()
                0x0380529c                vex::timer::~timer()
 .text._ZN3vex5timer5clearEv
                0x038052a0       0x1c C:\Program Files (x86)\VEX Robotics\VEXcode Pro V5\sdk/vexv5\libv5rt.a(vex_timer.cpp.obj)
                0x038052a0                vex::timer::clear()
 .text._ZN3vex5timerC2Ev
                0x038052bc       0x14 C:\Program Files (x86)\VEX Robotics\VEXcode Pro V5\sdk/vexv5\libv5rt.a(vex_timer.cpp.obj)
                0x038052bc                vex::timer::timer()
                0x038052bc                vex::timer::timer()
 .text._ZN3vex11motor_group18motor_group_motorsC2Ev
                0x038052d0       0x28 C:\Program Files (x86)\VEX Robotics\VEXcode Pro V5\sdk/vexv5\libv5rt.a(vex_motorgroup.cpp.obj)
                0x038052d0                vex::motor_group::motor_group_motors::motor_group_motors()
                0x038052d0                vex::motor_group::motor_group_motors::motor_group_motors()
 .text._ZN3vex11motor_group18motor_group_motorsC2ERKS1_
                0x038052f8       0x20 C:\Program Files (x86)\VEX Robotics\VEXcode Pro V5\sdk/vexv5\libv5rt.a(vex_motorgroup.cpp.obj)
                0x038052f8                vex::motor_group::motor_group_motors::motor_group_motors(vex::motor_group::motor_group_motors const&)
                0x038052f8                vex::motor_group::motor_group_motors::motor_group_motors(vex::motor_group::motor_group_motors const&)
 .text._ZN3vex11motor_groupC2Ev
                0x03805318       0x1c C:\Program Files (x86)\VEX Robotics\VEXcode Pro V5\sdk/vexv5\libv5rt.a(vex_motorgroup.cpp.obj)
                0x03805318                vex::motor_group::motor_group()
                0x03805318                vex::motor_group::motor_group()
 .text._ZN3vex11motor_groupD2Ev
                0x03805334        0x4 C:\Program Files (x86)\VEX Robotics\VEXcode Pro V5\sdk/vexv5\libv5rt.a(vex_motorgroup.cpp.obj)
                0x03805334                vex::motor_group::~motor_group()
                0x03805334                vex::motor_group::~motor_group()
 .text._ZN3vex11motor_group9_addMotorERNS_5motorE
                0x03805338       0x20 C:\Program Files (x86)\VEX Robotics\VEXcode Pro V5\sdk/vexv5\libv5rt.a(vex_motorgroup.cpp.obj)
                0x03805338                vex::motor_group::_addMotor(vex::motor&)
 .text._ZN3vex11motor_group4spinENS_13directionTypeEdNS_12voltageUnitsE
                0x03805358       0x54 C:\Program Files (x86)\VEX Robotics\VEXcode Pro V5\sdk/vexv5\libv5rt.a(vex_motorgroup.cpp.obj)
                0x03805358                vex::motor_group::spin(vex::directionType, double, vex::voltageUnits)
 .text._ZN3vex11motor_group4stopENS_9brakeTypeE
                0x038053ac       0x38 C:\Program Files (x86)\VEX Robotics\VEXcode Pro V5\sdk/vexv5\libv5rt.a(vex_motorgroup.cpp.obj)
                0x038053ac                vex::motor_group::stop(vex::brakeType)
 .text._ZN3vex11motor_group8rotationENS_13rotationUnitsE
                0x038053e4        0xc C:\Program Files (x86)\VEX Robotics\VEXcode Pro V5\sdk/vexv5\libv5rt.a(vex_motorgroup.cpp.obj)
                0x038053e4                vex::motor_group::rotation(vex::rotationUnits)
 .text._ZN3vex11motor_group8positionENS_13rotationUnitsE
                0x038053f0        0x4 C:\Program Files (x86)\VEX Robotics\VEXcode Pro V5\sdk/vexv5\libv5rt.a(vex_motorgroup.cpp.obj)
                0x038053f0                vex::motor_group::position(vex::rotationUnits)
 .text.vexAdiPortConfigSet
                0x038053f4       0x28 C:\Program Files (x86)\VEX Robotics\VEXcode Pro V5\sdk/vexv5\libv5rt.a(v5_apiuser.c.obj)
                0x038053f4                vexAdiPortConfigSet
 .text.vexAdiPortConfigGet
                0x0380541c       0x28 C:\Program Files (x86)\VEX Robotics\VEXcode Pro V5\sdk/vexv5\libv5rt.a(v5_apiuser.c.obj)
                0x0380541c                vexAdiPortConfigGet
 .text.vexAdiValueGet
                0x03805444       0x20 C:\Program Files (x86)\VEX Robotics\VEXcode Pro V5\sdk/vexv5\libv5rt.a(v5_apiuser.c.obj)
                0x03805444                vexAdiValueGet
 .text.vexMotorVelocitySet
                0x03805464       0x20 C:\Program Files (x86)\VEX Robotics\VEXcode Pro V5\sdk/vexv5\libv5rt.a(v5_apiuser.c.obj)
                0x03805464                vexMotorVelocitySet
 .text.vexMotorVoltageSet
                0x03805484       0x20 C:\Program Files (x86)\VEX Robotics\VEXcode Pro V5\sdk/vexv5\libv5rt.a(v5_apiuser.c.obj)
                0x03805484                vexMotorVoltageSet
 .text.vexMotorActualVelocityGet
                0x038054a4       0x24 C:\Program Files (x86)\VEX Robotics\VEXcode Pro V5\sdk/vexv5\libv5rt.a(v5_apiuser.c.obj)
                0x038054a4                vexMotorActualVelocityGet
 .text.vexMotorReverseFlagSet
                0x038054c8       0x20 C:\Program Files (x86)\VEX Robotics\VEXcode Pro V5\sdk/vexv5\libv5rt.a(v5_apiuser.c.obj)
                0x038054c8                vexMotorReverseFlagSet
 .text.vexMotorEncoderUnitsSet
                0x038054e8       0x20 C:\Program Files (x86)\VEX Robotics\VEXcode Pro V5\sdk/vexv5\libv5rt.a(v5_apiuser.c.obj)
                0x038054e8                vexMotorEncoderUnitsSet
 .text.vexMotorBrakeModeSet
                0x03805508       0x20 C:\Program Files (x86)\VEX Robotics\VEXcode Pro V5\sdk/vexv5\libv5rt.a(v5_apiuser.c.obj)
                0x03805508                vexMotorBrakeModeSet
 .text.vexMotorPositionSet
                0x03805528       0x28 C:\Program Files (x86)\VEX Robotics\VEXcode Pro V5\sdk/vexv5\libv5rt.a(v5_apiuser.c.obj)
                0x03805528                vexMotorPositionSet
 .text.vexMotorPositionGet
                0x03805550       0x24 C:\Program Files (x86)\VEX Robotics\VEXcode Pro V5\sdk/vexv5\libv5rt.a(v5_apiuser.c.obj)
                0x03805550                vexMotorPositionGet
 .text.vexMotorGearingSet
                0x03805574       0x20 C:\Program Files (x86)\VEX Robotics\VEXcode Pro V5\sdk/vexv5\libv5rt.a(v5_apiuser.c.obj)
                0x03805574                vexMotorGearingSet
 .text.vexMotorGearingGet
                0x03805594       0x18 C:\Program Files (x86)\VEX Robotics\VEXcode Pro V5\sdk/vexv5\libv5rt.a(v5_apiuser.c.obj)
                0x03805594                vexMotorGearingGet
 .text.vexImuReset
                0x038055ac       0x10 C:\Program Files (x86)\VEX Robotics\VEXcode Pro V5\sdk/vexv5\libv5rt.a(v5_apiuser.c.obj)
                0x038055ac                vexImuReset
 .text.vexImuHeadingGet
                0x038055bc       0x10 C:\Program Files (x86)\VEX Robotics\VEXcode Pro V5\sdk/vexv5\libv5rt.a(v5_apiuser.c.obj)
                0x038055bc                vexImuHeadingGet
 .text.vexImuDegreesGet
                0x038055cc       0x10 C:\Program Files (x86)\VEX Robotics\VEXcode Pro V5\sdk/vexv5\libv5rt.a(v5_apiuser.c.obj)
                0x038055cc                vexImuDegreesGet
 .text.vexImuStatusGet
                0x038055dc       0x10 C:\Program Files (x86)\VEX Robotics\VEXcode Pro V5\sdk/vexv5\libv5rt.a(v5_apiuser.c.obj)
                0x038055dc                vexImuStatusGet
 .text.vexAbsEncPositionGet
                0x038055ec       0x10 C:\Program Files (x86)\VEX Robotics\VEXcode Pro V5\sdk/vexv5\libv5rt.a(v5_apiuser.c.obj)
                0x038055ec                vexAbsEncPositionGet
 .text.vexAbsEncAngleGet
                0x038055fc       0x10 C:\Program Files (x86)\VEX Robotics\VEXcode Pro V5\sdk/vexv5\libv5rt.a(v5_apiuser.c.obj)
                0x038055fc                vexAbsEncAngleGet
 .text.vexAbsEncReverseFlagSet
                0x0380560c       0x18 C:\Program Files (x86)\VEX Robotics\VEXcode Pro V5\sdk/vexv5\libv5rt.a(v5_apiuser.c.obj)
                0x0380560c                vexAbsEncReverseFlagSet
 .text.vexEventMaskSet
                0x03805624       0x28 C:\Program Files (x86)\VEX Robotics\VEXcode Pro V5\sdk/vexv5\libv5rt.a(v5_apiuser.c.obj)
                0x03805624                vexEventMaskSet
 .text.vexEventMaskGet
                0x0380564c       0x18 C:\Program Files (x86)\VEX Robotics\VEXcode Pro V5\sdk/vexv5\libv5rt.a(v5_apiuser.c.obj)
                0x0380564c                vexEventMaskGet
 .text._ZN3vex6deviceD2Ev
                0x03805664        0x4 C:\Program Files (x86)\VEX Robotics\VEXcode Pro V5\sdk/vexv5\libv5rt.a(vex_device.cpp.obj)
                0x03805664                vex::device::~device()
                0x03805664                vex::device::~device()
 .text._ZN3vex6device5valueEv
                0x03805668        0x8 C:\Program Files (x86)\VEX Robotics\VEXcode Pro V5\sdk/vexv5\libv5rt.a(vex_device.cpp.obj)
                0x03805668                vex::device::value()
 .text._ZN3vex6deviceD0Ev
                0x03805670       0x14 C:\Program Files (x86)\VEX Robotics\VEXcode Pro V5\sdk/vexv5\libv5rt.a(vex_device.cpp.obj)
                0x03805670                vex::device::~device()
 .text._ZN3vex6device4initEl
                0x03805684       0x30 C:\Program Files (x86)\VEX Robotics\VEXcode Pro V5\sdk/vexv5\libv5rt.a(vex_device.cpp.obj)
                0x03805684                vex::device::init(long)
 .text._ZN3vex6deviceC2El
                0x038056b4       0x20 C:\Program Files (x86)\VEX Robotics\VEXcode Pro V5\sdk/vexv5\libv5rt.a(vex_device.cpp.obj)
                0x038056b4                vex::device::device(long)
                0x038056b4                vex::device::device(long)
 .text._ZN3vex6device4typeEv
                0x038056d4       0x10 C:\Program Files (x86)\VEX Robotics\VEXcode Pro V5\sdk/vexv5\libv5rt.a(vex_device.cpp.obj)
                0x038056d4                vex::device::type()
 .text._ZN3vex6device9installedEv
                0x038056e4       0x14 C:\Program Files (x86)\VEX Robotics\VEXcode Pro V5\sdk/vexv5\libv5rt.a(vex_device.cpp.obj)
                0x038056e4                vex::device::installed()
 .text.__libc_fini_array
                0x038056f8       0x30 C:\Program Files (x86)\VEX Robotics\VEXcode Pro V5\sdk/vexv5/gcc/libs\libc.a(lib_a-fini.o)
                0x038056f8                __libc_fini_array
 .text.__libc_init_array
                0x03805728       0x58 C:\Program Files (x86)\VEX Robotics\VEXcode Pro V5\sdk/vexv5/gcc/libs\libc.a(lib_a-init.o)
                0x03805728                __libc_init_array
 .text.hypot    0x03805780       0xb4 C:\Program Files (x86)\VEX Robotics\VEXcode Pro V5\sdk/vexv5/gcc/libs\libm.a(lib_a-w_hypot.o)
                0x03805780                hypot
 .text.__ieee754_hypot
                0x03805834      0x198 C:\Program Files (x86)\VEX Robotics\VEXcode Pro V5\sdk/vexv5/gcc/libs\libm.a(lib_a-e_hypot.o)
                0x03805834                __ieee754_hypot
 *fill*         0x038059cc        0x4 
 .text.__ieee754_hypot.__stub
                0x038059d0       0x18 linker stubs
 *(.gnu.linkonce.t.*)
 *(.plt)
 *(.gnu_warning)
 *(.gcc_except_table)
 *(.glue_7)
 .glue_7        0x00000000        0x0 linker stubs
 *(.glue_7t)
 .glue_7t       0x00000000        0x0 linker stubs
 *(.vfp11_veneer)
 .vfp11_veneer  0x00000000        0x0 linker stubs
 *(.ARM.extab)
 *(.gnu.linkonce.armextab.*)

.v4_bx          0x038059e8        0x0
 .v4_bx         0x00000000        0x0 linker stubs

.iplt           0x038059e8        0x0
 .iplt          0x00000000        0x0 build/src/main.o

.init
 *(.init)

.fini
 *(.fini)

.rodata         0x038059e8      0x25c
                0x038059e8                __rodata_start = .
 *(.rodata)
 *(.rodata.*)
 .rodata.str1.1
                0x038059e8       0x4d build/src/main.o
                                 0x57 (size before relaxing)
 .rodata.str1.1
                0x03805a35       0x47 build/src/autons.o
 .rodata.str1.1
                0x03805a7c       0x2e C:\Program Files (x86)\VEX Robotics\VEXcode Pro V5\sdk/vexv5\libv5rt.a(v5_startup.c.obj)
 *fill*         0x03805aaa        0x2 
 .rodata._ZN3vex3fwdE
                0x03805aac        0x4 C:\Program Files (x86)\VEX Robotics\VEXcode Pro V5\sdk/vexv5\libv5rt.a(vex_global.cpp.obj)
                0x03805aac                vex::fwd
 .rodata._ZN3vex5PORT3E
                0x03805ab0        0x4 C:\Program Files (x86)\VEX Robotics\VEXcode Pro V5\sdk/vexv5\libv5rt.a(vex_global.cpp.obj)
                0x03805ab0                vex::PORT3
 .rodata._ZN3vex5PORT1E
                0x03805ab4        0x4 C:\Program Files (x86)\VEX Robotics\VEXcode Pro V5\sdk/vexv5\libv5rt.a(vex_global.cpp.obj)
                0x03805ab4                vex::PORT1
 .rodata._ZN3vex7reverseE
                0x03805ab8        0x4 C:\Program Files (x86)\VEX Robotics\VEXcode Pro V5\sdk/vexv5\libv5rt.a(vex_global.cpp.obj)
                0x03805ab8                vex::reverse
 .rodata._ZN3vex4voltE
                0x03805abc        0x4 C:\Program Files (x86)\VEX Robotics\VEXcode Pro V5\sdk/vexv5\libv5rt.a(vex_global.cpp.obj)
                0x03805abc                vex::volt
 .rodata._ZN3vex7forwardE
                0x03805ac0        0x4 C:\Program Files (x86)\VEX Robotics\VEXcode Pro V5\sdk/vexv5\libv5rt.a(vex_global.cpp.obj)
                0x03805ac0                vex::forward
 .rodata._ZN3vex4msecE
                0x03805ac4        0x4 C:\Program Files (x86)\VEX Robotics\VEXcode Pro V5\sdk/vexv5\libv5rt.a(vex_global.cpp.obj)
                0x03805ac4                vex::msec
 .rodata._ZN3vex9ratio36_1E
                0x03805ac8        0x4 C:\Program Files (x86)\VEX Robotics\VEXcode Pro V5\sdk/vexv5\libv5rt.a(vex_global.cpp.obj)
                0x03805ac8                vex::ratio36_1
 .rodata._ZN3vex5PORT9E
                0x03805acc        0x4 C:\Program Files (x86)\VEX Robotics\VEXcode Pro V5\sdk/vexv5\libv5rt.a(vex_global.cpp.obj)
                0x03805acc                vex::PORT9
 .rodata._ZN3vex5PORT2E
                0x03805ad0        0x4 C:\Program Files (x86)\VEX Robotics\VEXcode Pro V5\sdk/vexv5\libv5rt.a(vex_global.cpp.obj)
                0x03805ad0                vex::PORT2
 .rodata._ZN3vex7primaryE
                0x03805ad4        0x4 C:\Program Files (x86)\VEX Robotics\VEXcode Pro V5\sdk/vexv5\libv5rt.a(vex_global.cpp.obj)
                0x03805ad4                vex::primary
 .rodata._ZN3vex3degE
                0x03805ad8        0x4 C:\Program Files (x86)\VEX Robotics\VEXcode Pro V5\sdk/vexv5\libv5rt.a(vex_global.cpp.obj)
                0x03805ad8                vex::deg
 .rodata._ZN3vex6PORT22E
                0x03805adc        0x4 C:\Program Files (x86)\VEX Robotics\VEXcode Pro V5\sdk/vexv5\libv5rt.a(vex_global.cpp.obj)
                0x03805adc                vex::PORT22
 .rodata._ZN3vex4holdE
                0x03805ae0        0x4 C:\Program Files (x86)\VEX Robotics\VEXcode Pro V5\sdk/vexv5\libv5rt.a(vex_global.cpp.obj)
                0x03805ae0                vex::hold
 .rodata._ZN3vex6PORT16E
                0x03805ae4        0x4 C:\Program Files (x86)\VEX Robotics\VEXcode Pro V5\sdk/vexv5\libv5rt.a(vex_global.cpp.obj)
                0x03805ae4                vex::PORT16
 .rodata._ZN3vex5PORT4E
                0x03805ae8        0x4 C:\Program Files (x86)\VEX Robotics\VEXcode Pro V5\sdk/vexv5\libv5rt.a(vex_global.cpp.obj)
                0x03805ae8                vex::PORT4
 *fill*         0x03805aec        0x4 
 .rodata._ZTVN3vex5motorE
                0x03805af0       0x18 C:\Program Files (x86)\VEX Robotics\VEXcode Pro V5\sdk/vexv5\libv5rt.a(vex_motor.cpp.obj)
                0x03805af0                vtable for vex::motor
 .rodata._ZTVN3vex8inertialE
                0x03805b08       0x68 C:\Program Files (x86)\VEX Robotics\VEXcode Pro V5\sdk/vexv5\libv5rt.a(vex_imu.cpp.obj)
                0x03805b08                vtable for vex::inertial
 .rodata._ZTVN3vex8rotationE
                0x03805b70       0x18 C:\Program Files (x86)\VEX Robotics\VEXcode Pro V5\sdk/vexv5\libv5rt.a(vex_rotation.cpp.obj)
                0x03805b70                vtable for vex::rotation
 .rodata.CSWTCH.16
                0x03805b88        0xb C:\Program Files (x86)\VEX Robotics\VEXcode Pro V5\sdk/vexv5\libv5rt.a(vex_controller.cpp.obj)
 .rodata.CSWTCH.18
                0x03805b93        0xb C:\Program Files (x86)\VEX Robotics\VEXcode Pro V5\sdk/vexv5\libv5rt.a(vex_controller.cpp.obj)
 .rodata.CSWTCH.24
                0x03805b9e        0x3 C:\Program Files (x86)\VEX Robotics\VEXcode Pro V5\sdk/vexv5\libv5rt.a(vex_controller.cpp.obj)
 .rodata.str1.1
                0x03805ba1       0x14 C:\Program Files (x86)\VEX Robotics\VEXcode Pro V5\sdk/vexv5\libv5rt.a(vex_task.cpp.obj)
 .rodata.str1.1
                0x03805bb5       0x2d C:\Program Files (x86)\VEX Robotics\VEXcode Pro V5\sdk/vexv5\libv5rt.a(vex_brain.cpp.obj)
 .rodata.CSWTCH.36
                0x03805be2       0x10 C:\Program Files (x86)\VEX Robotics\VEXcode Pro V5\sdk/vexv5\libv5rt.a(vex_triport.cpp.obj)
 *fill*         0x03805bf2        0x6 
 .rodata._ZTVN3vex7triportE
                0x03805bf8       0x18 C:\Program Files (x86)\VEX Robotics\VEXcode Pro V5\sdk/vexv5\libv5rt.a(vex_triport.cpp.obj)
                0x03805bf8                vtable for vex::triport
 .rodata.CSWTCH.31
                0x03805c10        0xe C:\Program Files (x86)\VEX Robotics\VEXcode Pro V5\sdk/vexv5\libv5rt.a(vex_triport.cpp.obj)
 *fill*         0x03805c1e        0x2 
 .rodata._ZTVN3vex6deviceE
                0x03805c20       0x18 C:\Program Files (x86)\VEX Robotics\VEXcode Pro V5\sdk/vexv5\libv5rt.a(vex_device.cpp.obj)
                0x03805c20                vtable for vex::device
 .rodata.str1.4
                0x03805c38        0x2 C:\Program Files (x86)\VEX Robotics\VEXcode Pro V5\sdk/vexv5/gcc/libs\libc.a(lib_a-impure.o)
 *fill*         0x03805c3a        0x2 
 .rodata.str1.4
                0x03805c3c        0x8 C:\Program Files (x86)\VEX Robotics\VEXcode Pro V5\sdk/vexv5/gcc/libs\libm.a(lib_a-w_hypot.o)
                                  0x6 (size before relaxing)
 *(.gnu.linkonce.r.*)
                0x03805c44                __rodata_end = .

.rodata1        0x03805c44        0x0
                0x03805c44                __rodata1_start = .
 *(.rodata1)
 *(.rodata1.*)
                0x03805c44                __rodata1_end = .

.sdata2         0x03805c44        0x0
                0x03805c44                __sdata2_start = .
 *(.sdata2)
 *(.sdata2.*)
 *(.gnu.linkonce.s2.*)
                0x03805c44                __sdata2_end = .

.sbss2          0x03805c44        0x0
                0x03805c44                __sbss2_start = .
 *(.sbss2)
 *(.sbss2.*)
 *(.gnu.linkonce.sb2.*)
                0x03805c44                __sbss2_end = .

.data           0x03805c48      0x43d
                0x03805c48                __data_start = .
 *(.data)
 *(.data.*)
 .data.appRunning
                0x03805c48        0x4 C:\Program Files (x86)\VEX Robotics\VEXcode Pro V5\sdk/vexv5\libv5rt.a(v5_startup.c.obj)
                0x03805c48                appRunning
 .data.__yoff   0x03805c4c        0x4 C:\Program Files (x86)\VEX Robotics\VEXcode Pro V5\sdk/vexv5\libv5rt.a(v5_apijump.c.obj)
 .data._ZN3vex24__default_motor_velocityE
                0x03805c50        0x4 C:\Program Files (x86)\VEX Robotics\VEXcode Pro V5\sdk/vexv5\libv5rt.a(vex_motor.cpp.obj)
                0x03805c50                vex::__default_motor_velocity
 *fill*         0x03805c54        0x4 
 .data.impure_data
                0x03805c58      0x428 C:\Program Files (x86)\VEX Robotics\VEXcode Pro V5\sdk/vexv5/gcc/libs\libc.a(lib_a-impure.o)
 .data._impure_ptr
                0x03806080        0x4 C:\Program Files (x86)\VEX Robotics\VEXcode Pro V5\sdk/vexv5/gcc/libs\libc.a(lib_a-impure.o)
                0x03806080                _impure_ptr
 .data.__fdlib_version
                0x03806084        0x1 C:\Program Files (x86)\VEX Robotics\VEXcode Pro V5\sdk/vexv5/gcc/libs\libm.a(lib_a-s_lib_ver.o)
                0x03806084                __fdlib_version
 *(.gnu.linkonce.d.*)
 *(.jcr)
 *(.got)
 *(.got.plt)
                0x03806085                __data_end = .

.igot.plt       0x03806088        0x0
 .igot.plt      0x00000000        0x0 build/src/main.o

.data1          0x03806085        0x0
                0x03806085                __data1_start = .
 *(.data1)
 *(.data1.*)
                0x03806085                __data1_end = .

.got
 *(.got)

.ctors          0x03806085        0x0
                0x03806085                __CTOR_LIST__ = .
                0x03806085                ___CTORS_LIST___ = .
 *crtbegin.o(.ctors)
 *(EXCLUDE_FILE(*crtend.o) .ctors)
 *(SORT(.ctors.*))
 *(.ctors)
                0x03806085                __CTOR_END__ = .
                0x03806085                ___CTORS_END___ = .

.dtors          0x03806085        0x0
                0x03806085                __DTOR_LIST__ = .
                0x03806085                ___DTORS_LIST___ = .
 *crtbegin.o(.dtors)
 *(EXCLUDE_FILE(*crtend.o) .dtors)
 *(SORT(.dtors.*))
 *(.dtors)
                0x03806085                __DTOR_END__ = .
                0x03806085                ___DTORS_END___ = .

.fixup          0x03806085        0x0
                0x03806085                __fixup_start = .
 *(.fixup)
                0x03806085                __fixup_end = .

.eh_frame
 *(.eh_frame)

.eh_framehdr    0x03806085        0x0
                0x03806085                __eh_framehdr_start = .
 *(.eh_framehdr)
                0x03806085                __eh_framehdr_end = .

.gcc_except_table
 *(.gcc_except_table)

.mmu_tbl        0x03808000        0x0
                0x03808000                __mmu_tbl_start = .
 *(.mmu_tbl)
                0x03808000                __mmu_tbl_end = .

.ARM.exidx      0x03806088        0x8
                0x03806088                __exidx_start = .
 *(.ARM.exidx*)
 .ARM.exidx.text._ZN5DriveD2Ev
                0x03806088        0x8 build/src/main.o
 .ARM.exidx.text._Z9pre_autonv
                0x03806090        0x0 build/src/main.o
                                  0x8 (size before relaxing)
 .ARM.exidx.text._Z10autonomousv
                0x03806090        0x0 build/src/main.o
                                  0x8 (size before relaxing)
 .ARM.exidx.text._Z11usercontrolv
                0x03806090        0x0 build/src/main.o
                                  0x8 (size before relaxing)
 .ARM.exidx.text.main
                0x03806090        0x0 build/src/main.o
                                  0x8 (size before relaxing)
 .ARM.exidx.text._GLOBAL__sub_I_main.cpp
                0x03806090        0x0 build/src/main.o
                                  0x8 (size before relaxing)
 .ARM.exidx.text._Z17default_constantsv
                0x03806090        0x0 build/src/autons.o
                                  0x8 (size before relaxing)
 .ARM.exidx.text._Z10drive_testv
                0x03806090        0x0 build/src/autons.o
                                  0x8 (size before relaxing)
 .ARM.exidx.text._Z9turn_testv
                0x03806090        0x0 build/src/autons.o
                                  0x8 (size before relaxing)
 .ARM.exidx.text._Z10swing_testv
                0x03806090        0x0 build/src/autons.o
                                  0x8 (size before relaxing)
 .ARM.exidx.text._Z9full_testv
                0x03806090        0x0 build/src/autons.o
                                  0x8 (size before relaxing)
 .ARM.exidx.text._Z9odom_testv
                0x03806090        0x0 build/src/autons.o
                                  0x8 (size before relaxing)
 .ARM.exidx.text._Z14tank_odom_testv
                0x03806090        0x0 build/src/autons.o
                                  0x8 (size before relaxing)
 .ARM.exidx.text._Z19holonomic_odom_testv
                0x03806090        0x0 build/src/autons.o
                                  0x8 (size before relaxing)
 .ARM.exidx.text._Z11vexcodeInitv
                0x03806090        0x0 build/src/robot-config.o
                                  0x8 (size before relaxing)
 .ARM.exidx.text._GLOBAL__sub_I_robot_config.cpp
                0x03806090        0x0 build/src/robot-config.o
                                  0x8 (size before relaxing)
 .ARM.exidx.text._Z15reduce_0_to_360f
                0x03806090        0x0 build/src/JAR-Template/util.o
                                  0x8 (size before relaxing)
 .ARM.exidx.text._Z26reduce_negative_180_to_180f
                0x03806090        0x0 build/src/JAR-Template/util.o
                                  0x8 (size before relaxing)
 .ARM.exidx.text._Z24reduce_negative_90_to_90f
                0x03806090        0x0 build/src/JAR-Template/util.o
                                  0x8 (size before relaxing)
 .ARM.exidx.text._Z6to_radf
                0x03806090        0x0 build/src/JAR-Template/util.o
                                  0x8 (size before relaxing)
 .ARM.exidx.text._Z6to_degf
                0x03806090        0x0 build/src/JAR-Template/util.o
                                  0x8 (size before relaxing)
 .ARM.exidx.text._Z5clampfff
                0x03806090        0x0 build/src/JAR-Template/util.o
                                  0x8 (size before relaxing)
 .ARM.exidx.text._Z11is_reversedd
                0x03806090        0x0 build/src/JAR-Template/util.o
                                  0x8 (size before relaxing)
 .ARM.exidx.text._Z7to_voltf
                0x03806090        0x0 build/src/JAR-Template/util.o
                                  0x8 (size before relaxing)
 .ARM.exidx.text._Z7to_porti
                0x03806090        0x0 build/src/JAR-Template/util.o
                                  0x8 (size before relaxing)
 .ARM.exidx.text._Z8deadbandff
                0x03806090        0x0 build/src/JAR-Template/util.o
                                  0x8 (size before relaxing)
 .ARM.exidx.text._ZN4Odom22set_physical_distancesEff
                0x03806090        0x0 build/src/JAR-Template/odom.o
                                  0x8 (size before relaxing)
 .ARM.exidx.text._ZN4Odom12set_positionEfffff
                0x03806090        0x0 build/src/JAR-Template/odom.o
                                  0x8 (size before relaxing)
 .ARM.exidx.text._ZN4Odom15update_positionEfff
                0x03806090        0x0 build/src/JAR-Template/odom.o
                                  0x8 (size before relaxing)
 .ARM.exidx.text._ZN5DriveC2E11drive_setupN3vex11motor_groupES2_S2_ifffiiiiiffiff
                0x03806090        0x0 build/src/JAR-Template/drive.o
                                  0x8 (size before relaxing)
 .ARM.exidx.text._ZN5Drive18drive_with_voltageEff
                0x03806090        0x0 build/src/JAR-Template/drive.o
                                  0x8 (size before relaxing)
 .ARM.exidx.text._ZN5Drive18set_turn_constantsEfffff
                0x03806090        0x0 build/src/JAR-Template/drive.o
                                  0x8 (size before relaxing)
 .ARM.exidx.text._ZN5Drive19set_drive_constantsEfffff
                0x03806090        0x0 build/src/JAR-Template/drive.o
                                  0x8 (size before relaxing)
 .ARM.exidx.text._ZN5Drive21set_heading_constantsEfffff
                0x03806090        0x0 build/src/JAR-Template/drive.o
                                  0x8 (size before relaxing)
 .ARM.exidx.text._ZN5Drive19set_swing_constantsEfffff
                0x03806090        0x0 build/src/JAR-Template/drive.o
                                  0x8 (size before relaxing)
 .ARM.exidx.text._ZN5Drive24set_turn_exit_conditionsEfff
                0x03806090        0x0 build/src/JAR-Template/drive.o
                                  0x8 (size before relaxing)
 .ARM.exidx.text._ZN5Drive25set_drive_exit_conditionsEfff
                0x03806090        0x0 build/src/JAR-Template/drive.o
                                  0x8 (size before relaxing)
 .ARM.exidx.text._ZN5Drive25set_swing_exit_conditionsEfff
                0x03806090        0x0 build/src/JAR-Template/drive.o
                                  0x8 (size before relaxing)
 .ARM.exidx.text._ZN5Drive20get_absolute_headingEv
                0x03806090        0x0 build/src/JAR-Template/drive.o
                                  0x8 (size before relaxing)
 .ARM.exidx.text._ZN5Drive13turn_to_angleEf
                0x03806090        0x0 build/src/JAR-Template/drive.o
                                  0x8 (size before relaxing)
 .ARM.exidx.text._ZN5Drive13turn_to_angleEfffffffff
                0x03806090        0x0 build/src/JAR-Template/drive.o
                                  0x8 (size before relaxing)
 .ARM.exidx.text._ZN5Drive14drive_distanceEf
                0x03806090        0x0 build/src/JAR-Template/drive.o
                                  0x8 (size before relaxing)
 .ARM.exidx.text._ZN5Drive14drive_distanceEfffffffffffffff
                0x03806090        0x0 build/src/JAR-Template/drive.o
                                  0x8 (size before relaxing)
 .ARM.exidx.text._ZN5Drive19left_swing_to_angleEf
                0x03806090        0x0 build/src/JAR-Template/drive.o
                                  0x8 (size before relaxing)
 .ARM.exidx.text._ZN5Drive19left_swing_to_angleEfffffffff
                0x03806090        0x0 build/src/JAR-Template/drive.o
                                  0x8 (size before relaxing)
 .ARM.exidx.text._ZN5Drive20right_swing_to_angleEf
                0x03806090        0x0 build/src/JAR-Template/drive.o
                                  0x8 (size before relaxing)
 .ARM.exidx.text._ZN5Drive20right_swing_to_angleEfffffffff
                0x03806090        0x0 build/src/JAR-Template/drive.o
                                  0x8 (size before relaxing)
 .ARM.exidx.text._ZN5Drive27get_ForwardTracker_positionEv
                0x03806090        0x0 build/src/JAR-Template/drive.o
                                  0x8 (size before relaxing)
 .ARM.exidx.text._ZN5Drive28get_SidewaysTracker_positionEv
                0x03806090        0x0 build/src/JAR-Template/drive.o
                                  0x8 (size before relaxing)
 .ARM.exidx.text._ZN5Drive14position_trackEv
                0x03806090        0x0 build/src/JAR-Template/drive.o
                                  0x8 (size before relaxing)
 .ARM.exidx.text._ZN5Drive15set_coordinatesEfff
                0x03806090        0x0 build/src/JAR-Template/drive.o
                                  0x8 (size before relaxing)
 .ARM.exidx.text._ZN5Drive19position_track_taskEv
                0x03806090        0x0 build/src/JAR-Template/drive.o
                                  0x8 (size before relaxing)
 .ARM.exidx.text._ZN5Drive14get_X_positionEv
                0x03806090        0x0 build/src/JAR-Template/drive.o
                                  0x8 (size before relaxing)
 .ARM.exidx.text._ZN5Drive14get_Y_positionEv
                0x03806090        0x0 build/src/JAR-Template/drive.o
                                  0x8 (size before relaxing)
 .ARM.exidx.text._ZN5Drive14drive_to_pointEff
                0x03806090        0x0 build/src/JAR-Template/drive.o
                                  0x8 (size before relaxing)
 .ARM.exidx.text._ZN5Drive14drive_to_pointEfffffffffffffff
                0x03806090        0x0 build/src/JAR-Template/drive.o
                                  0x8 (size before relaxing)
 .ARM.exidx.text._ZN5Drive13turn_to_pointEff
                0x03806090        0x0 build/src/JAR-Template/drive.o
                                  0x8 (size before relaxing)
 .ARM.exidx.text._ZN5Drive13turn_to_pointEfffffffffff
                0x03806090        0x0 build/src/JAR-Template/drive.o
                                  0x8 (size before relaxing)
 .ARM.exidx.text._ZN5Drive24holonomic_drive_to_pointEffffffffffffffff
                0x03806090        0x0 build/src/JAR-Template/drive.o
                                  0x8 (size before relaxing)
 .ARM.exidx.text._ZN5Drive24holonomic_drive_to_pointEfff
                0x03806090        0x0 build/src/JAR-Template/drive.o
                                  0x8 (size before relaxing)
 .ARM.exidx.text._ZN5Drive14control_arcadeEv
                0x03806090        0x0 build/src/JAR-Template/drive.o
                                  0x8 (size before relaxing)
 .ARM.exidx.text._ZN3PIDC2Efffff
                0x03806090        0x0 build/src/JAR-Template/PID.o
                                  0x8 (size before relaxing)
 .ARM.exidx.text._ZN3PIDC2Effffffff
                0x03806090        0x0 build/src/JAR-Template/PID.o
                                  0x8 (size before relaxing)
 .ARM.exidx.text._ZN3PID7computeEf
                0x03806090        0x0 build/src/JAR-Template/PID.o
                                  0x8 (size before relaxing)
 .ARM.exidx.text._ZN3PID10is_settledEv
                0x03806090        0x0 build/src/JAR-Template/PID.o
                                  0x8 (size before relaxing)
 *(.gnu.linkonce.armexidix.*.*)
                0x03806090                __exidx_end = .

.rel.dyn        0x03806090        0x0
 .rel.iplt      0x00000000        0x0 build/src/main.o

.preinit_array  0x03806090        0x0
                0x03806090                __preinit_array_start = .
 *(SORT(.preinit_array.*))
 *(.preinit_array)
                0x03806090                __preinit_array_end = .

.init_array     0x03806090        0xc
                0x03806090                __init_array_start = .
 *(SORT(.init_array.*))
 *(.init_array)
 .init_array    0x03806090        0x4 build/src/main.o
 .init_array    0x03806094        0x4 build/src/robot-config.o
 .init_array    0x03806098        0x4 C:\Program Files (x86)\VEX Robotics\VEXcode Pro V5\sdk/vexv5\libv5rt.a(vex_color.cpp.obj)
                0x0380609c                __init_array_end = .

.fini_array     0x0380609c        0x0
                0x0380609c                __fini_array_start = .
 *(SORT(.fini_array.*))
 *(.fini_array)
                0x0380609c                __fini_array_end = .

.ARM.attributes
                0x0380609c       0x3c
                0x0380609c                __ARM.attributes_start = .
 *(.ARM.attributes)
 .ARM.attributes
                0x0380609c       0x3a build/src/main.o
 .ARM.attributes
                0x038060d6       0x3a build/src/autons.o
 .ARM.attributes
                0x03806110       0x3a build/src/robot-config.o
 .ARM.attributes
                0x0380614a       0x3a build/src/JAR-Template/util.o
 .ARM.attributes
                0x03806184       0x3a build/src/JAR-Template/odom.o
 .ARM.attributes
                0x038061be       0x3a build/src/JAR-Template/drive.o
 .ARM.attributes
                0x038061f8       0x3a build/src/JAR-Template/PID.o
 .ARM.attributes
                0x03806232       0x35 C:\Program Files (x86)\VEX Robotics\VEXcode Pro V5\sdk/vexv5\libv5rt.a(v5_startup.c.obj)
 .ARM.attributes
                0x03806267       0x35 C:\Program Files (x86)\VEX Robotics\VEXcode Pro V5\sdk/vexv5\libv5rt.a(v5_util.c.obj)
 .ARM.attributes
                0x0380629c       0x35 C:\Program Files (x86)\VEX Robotics\VEXcode Pro V5\sdk/vexv5\libv5rt.a(v5_apijump.c.obj)
 .ARM.attributes
                0x038062d1       0x35 C:\Program Files (x86)\VEX Robotics\VEXcode Pro V5\sdk/vexv5\libv5rt.a(v5_apiversions.c.obj)
 .ARM.attributes
                0x03806306       0x35 C:\Program Files (x86)\VEX Robotics\VEXcode Pro V5\sdk/vexv5\libv5rt.a(vex_global.cpp.obj)
 .ARM.attributes
                0x0380633b       0x35 C:\Program Files (x86)\VEX Robotics\VEXcode Pro V5\sdk/vexv5\libv5rt.a(vex_motor.cpp.obj)
 .ARM.attributes
                0x03806370       0x35 C:\Program Files (x86)\VEX Robotics\VEXcode Pro V5\sdk/vexv5\libv5rt.a(vex_imu.cpp.obj)
 .ARM.attributes
                0x038063a5       0x35 C:\Program Files (x86)\VEX Robotics\VEXcode Pro V5\sdk/vexv5\libv5rt.a(vex_rotation.cpp.obj)
 .ARM.attributes
                0x038063da       0x35 C:\Program Files (x86)\VEX Robotics\VEXcode Pro V5\sdk/vexv5\libv5rt.a(vex_controller.cpp.obj)
 .ARM.attributes
                0x0380640f       0x35 C:\Program Files (x86)\VEX Robotics\VEXcode Pro V5\sdk/vexv5\libv5rt.a(vex_task.cpp.obj)
 .ARM.attributes
                0x03806444       0x35 C:\Program Files (x86)\VEX Robotics\VEXcode Pro V5\sdk/vexv5\libv5rt.a(vex_thread.cpp.obj)
 .ARM.attributes
                0x03806479       0x35 C:\Program Files (x86)\VEX Robotics\VEXcode Pro V5\sdk/vexv5\libv5rt.a(vex_event.cpp.obj)
 .ARM.attributes