Archive member included because of file (symbol)

C:\Program Files (x86)\VEX Robotics\VEXcode Pro V5\sdk/vexv5\libv5rt.a(v5_startup.c.obj)
                              (vexStartup)
C:\Program Files (x86)\VEX Robotics\VEXcode Pro V5\sdk/vexv5\libv5rt.a(v5_util.c.obj)
                              C:\Program Files (x86)\VEX Robotics\VEXcode Pro V5\sdk/vexv5\libv5rt.a(v5_startup.c.obj) (vexStdlibVersionLinked)
C:\Program Files (x86)\VEX Robotics\VEXcode Pro V5\sdk/vexv5\libv5rt.a(v5_apijump.c.obj)
                              C:\Program Files (x86)\VEX Robotics\VEXcode Pro V5\sdk/vexv5\libv5rt.a(v5_startup.c.obj) (vexPrivateApiEnable)
C:\Program Files (x86)\VEX Robotics\VEXcode Pro V5\sdk/vexv5\libv5rt.a(v5_apiversions.c.obj)
                              C:\Program Files (x86)\VEX Robotics\VEXcode Pro V5\sdk/vexv5\libv5rt.a(v5_apijump.c.obj) (vexSystemVersion)
C:\Program Files (x86)\VEX Robotics\VEXcode Pro V5\sdk/vexv5\libv5rt.a(vex_global.cpp.obj)
                              build/src/main.o (vex::wait(double, vex::timeUnits))
C:\Program Files (x86)\VEX Robotics\VEXcode Pro V5\sdk/vexv5\libv5rt.a(vex_motor.cpp.obj)
                              build/src/robot-config.o (vex::motor::~motor())
C:\Program Files (x86)\VEX Robotics\VEXcode Pro V5\sdk/vexv5\libv5rt.a(vex_thread.cpp.obj)
                              C:\Program Files (x86)\VEX Robotics\VEXcode Pro V5\sdk/vexv5\libv5rt.a(vex_global.cpp.obj) (vex::this_thread::sleep_for(unsigned long))
C:\Program Files (x86)\VEX Robotics\VEXcode Pro V5\sdk/vexv5\libv5rt.a(vex_brain.cpp.obj)
                              build/src/robot-config.o (vex::brain::brain())
C:\Program Files (x86)\VEX Robotics\VEXcode Pro V5\sdk/vexv5\libv5rt.a(vex_competition.cpp.obj)
                              build/src/main.o (vex::competition::competition())
C:\Program Files (x86)\VEX Robotics\VEXcode Pro V5\sdk/vexv5\libv5rt.a(vex_triport.cpp.obj)
                              C:\Program Files (x86)\VEX Robotics\VEXcode Pro V5\sdk/vexv5\libv5rt.a(vex_brain.cpp.obj) (vex::triport::~triport())
C:\Program Files (x86)\VEX Robotics\VEXcode Pro V5\sdk/vexv5\libv5rt.a(vex_color.cpp.obj)
                              C:\Program Files (x86)\VEX Robotics\VEXcode Pro V5\sdk/vexv5\libv5rt.a(vex_brain.cpp.obj) (vex::color::operator unsigned long() const)
C:\Program Files (x86)\VEX Robotics\VEXcode Pro V5\sdk/vexv5\libv5rt.a(vex_timer.cpp.obj)
                              C:\Program Files (x86)\VEX Robotics\VEXcode Pro V5\sdk/vexv5\libv5rt.a(vex_brain.cpp.obj) (vex::timer::~timer())
C:\Program Files (x86)\VEX Robotics\VEXcode Pro V5\sdk/vexv5\libv5rt.a(v5_apiuser.c.obj)
                              C:\Program Files (x86)\VEX Robotics\VEXcode Pro V5\sdk/vexv5\libv5rt.a(vex_triport.cpp.obj) (vexAdiPortConfigSet)
C:\Program Files (x86)\VEX Robotics\VEXcode Pro V5\sdk/vexv5\libv5rt.a(vex_device.cpp.obj)
                              C:\Program Files (x86)\VEX Robotics\VEXcode Pro V5\sdk/vexv5\libv5rt.a(vex_motor.cpp.obj) (vex::device::~device())
C:\Program Files (x86)\VEX Robotics\VEXcode Pro V5\sdk/vexv5\libv5rt.a(vex_task.cpp.obj)
                              C:\Program Files (x86)\VEX Robotics\VEXcode Pro V5\sdk/vexv5\libv5rt.a(vex_competition.cpp.obj) (vex::task::task(int (*)()))
C:\Program Files (x86)\VEX Robotics\VEXcode Pro V5\sdk/vexv5\libv5rt.a(vex_event.cpp.obj)
                              C:\Program Files (x86)\VEX Robotics\VEXcode Pro V5\sdk/vexv5\libv5rt.a(vex_brain.cpp.obj) (vex::event::init(unsigned long, unsigned long, void (*)()))
C:\Program Files (x86)\VEX Robotics\VEXcode Pro V5\sdk/vexv5\libv5rt.a(vex_mevent.cpp.obj)
                              C:\Program Files (x86)\VEX Robotics\VEXcode Pro V5\sdk/vexv5\libv5rt.a(vex_brain.cpp.obj) (vex::mevent::mevent(unsigned long, unsigned long))
C:\Program Files (x86)\VEX Robotics\VEXcode Pro V5\sdk/vexv5/gcc/libs\libc.a(lib_a-fini.o)
                              C:\Program Files (x86)\VEX Robotics\VEXcode Pro V5\sdk/vexv5\libv5rt.a(v5_startup.c.obj) (__libc_fini_array)
C:\Program Files (x86)\VEX Robotics\VEXcode Pro V5\sdk/vexv5/gcc/libs\libc.a(lib_a-impure.o)
                              C:\Program Files (x86)\VEX Robotics\VEXcode Pro V5\sdk/vexv5\libv5rt.a(v5_startup.c.obj) (_impure_ptr)
C:\Program Files (x86)\VEX Robotics\VEXcode Pro V5\sdk/vexv5/gcc/libs\libc.a(lib_a-init.o)
                              C:\Program Files (x86)\VEX Robotics\VEXcode Pro V5\sdk/vexv5\libv5rt.a(v5_startup.c.obj) (__libc_init_array)
C:\Program Files (x86)\VEX Robotics\VEXcode Pro V5\sdk/vexv5/gcc/libs\libc.a(lib_a-tolower.o)
                              C:\Program Files (x86)\VEX Robotics\VEXcode Pro V5\sdk/vexv5\libv5rt.a(vex_brain.cpp.obj) (tolower)
C:\Program Files (x86)\VEX Robotics\VEXcode Pro V5\sdk/vexv5/gcc/libs\libc.a(lib_a-ctype_.o)
                              C:\Program Files (x86)\VEX Robotics\VEXcode Pro V5\sdk/vexv5/gcc/libs\libc.a(lib_a-tolower.o) (__ctype_ptr__)

Allocating common symbols
[...]
Memory Configuration

Name             Origin             Length             Attributes
ps7_ddr_0_S_AXI_BASEADDR 0x03800000         0x04800000
*default*        0x00000000         0xffffffff

Linker script and memory map

                0x00002000                _STACK_SIZE = DEFINED (_STACK_SIZE)?_STACK_SIZE:0x2000
                0x00100000                _HEAP_SIZE = DEFINED (_HEAP_SIZE)?_HEAP_SIZE:0x100000
                0x00000400                _ABORT_STACK_SIZE = DEFINED (_ABORT_STACK_SIZE)?_ABORT_STACK_SIZE:0x400
                0x00000800                _SUPERVISOR_STACK_SIZE = DEFINED (_SUPERVISOR_STACK_SIZE)?_SUPERVISOR_STACK_SIZE:0x800
                0x00000400                _IRQ_STACK_SIZE = DEFINED (_IRQ_STACK_SIZE)?_IRQ_STACK_SIZE:0x400
                0x00000400                _FIQ_STACK_SIZE = DEFINED (_FIQ_STACK_SIZE)?_FIQ_STACK_SIZE:0x400
                0x00000400                _UNDEF_STACK_SIZE = DEFINED (_UNDEF_STACK_SIZE)?_UNDEF_STACK_SIZE:0x400

.text           0x03800000     0x18b8
 *(.vectors)
 *(.boot_data)
 .boot_data     0x03800000       0x20 C:\Program Files (x86)\VEX Robotics\VEXcode Pro V5\sdk/vexv5\libv5rt.a(v5_startup.c.obj)
                0x03800000                vexCodeSig
                0x00000020                . = 0x20
 *(.boot)
 .boot          0x03800020       0xbc C:\Program Files (x86)\VEX Robotics\VEXcode Pro V5\sdk/vexv5\libv5rt.a(v5_startup.c.obj)
                0x03800020                vexStartup
                0x03800100                . = ALIGN (0x40)
 *fill*         0x038000dc       0x24 
 *(.freertos_vectors)
 *(.text)
 *(.text.*)
 .text._Z10autonomousv
                0x03800100        0x4 build/src/main.o
                0x03800100                autonomous()
 .text._Z11usercontrolv
                0x03800104       0x30 build/src/main.o
                0x03800104                usercontrol()
 *fill*         0x03800134        0x4 
 .text.main     0x03800138       0x68 build/src/main.o
                0x03800138                main
 .text._GLOBAL__sub_I_main.cpp
                0x038001a0       0x34 build/src/main.o
 .text._Z11vexcodeInitv
                0x038001d4        0x4 build/src/robot-config.o
                0x038001d4                vexcodeInit()
 .text._GLOBAL__sub_I_robot_config.cpp
                0x038001d8       0x6c build/src/robot-config.o
 .text.vexMain  0x03800244       0xb0 C:\Program Files (x86)\VEX Robotics\VEXcode Pro V5\sdk/vexv5\libv5rt.a(v5_startup.c.obj)
                0x03800244                vexMain
 .text.__vex_function_prolog
                0x038002f4       0x18 C:\Program Files (x86)\VEX Robotics\VEXcode Pro V5\sdk/vexv5\libv5rt.a(v5_startup.c.obj)
                0x038002f4                __vex_function_prolog
 .text._init    0x0380030c        0x4 C:\Program Files (x86)\VEX Robotics\VEXcode Pro V5\sdk/vexv5\libv5rt.a(v5_startup.c.obj)
                0x0380030c                _init
 .text._fini    0x03800310        0x4 C:\Program Files (x86)\VEX Robotics\VEXcode Pro V5\sdk/vexv5\libv5rt.a(v5_startup.c.obj)
                0x03800310                _fini
 .text.vexStdlibVersionLinked
                0x03800314        0xc C:\Program Files (x86)\VEX Robotics\VEXcode Pro V5\sdk/vexv5\libv5rt.a(v5_util.c.obj)
                0x03800314                vexStdlibVersionLinked
 .text.vexStdlibVersionVerify
                0x03800320       0x30 C:\Program Files (x86)\VEX Robotics\VEXcode Pro V5\sdk/vexv5\libv5rt.a(v5_util.c.obj)
                0x03800320                vexStdlibVersionVerify
 .text.vexPrivateApiEnable
                0x03800350       0x10 C:\Program Files (x86)\VEX Robotics\VEXcode Pro V5\sdk/vexv5\libv5rt.a(v5_apijump.c.obj)
                0x03800350                vexPrivateApiEnable
 .text.vexStdlibMismatchError
                0x03800360       0x3c C:\Program Files (x86)\VEX Robotics\VEXcode Pro V5\sdk/vexv5\libv5rt.a(v5_apijump.c.obj)
                0x03800360                vexStdlibMismatchError
 .text.vexTaskAdd
                0x0380039c       0x10 C:\Program Files (x86)\VEX Robotics\VEXcode Pro V5\sdk/vexv5\libv5rt.a(v5_apijump.c.obj)
                0x0380039c                vexTaskAdd
 .text.vexTasksRun
                0x038003ac       0x10 C:\Program Files (x86)\VEX Robotics\VEXcode Pro V5\sdk/vexv5\libv5rt.a(v5_apijump.c.obj)
                0x038003ac                vexTasksRun
 .text.vexTaskYield
                0x038003bc       0x10 C:\Program Files (x86)\VEX Robotics\VEXcode Pro V5\sdk/vexv5\libv5rt.a(v5_apijump.c.obj)
                0x038003bc                vexTaskYield
 .text.vexTaskCheckTimeslice
                0x038003cc       0x10 C:\Program Files (x86)\VEX Robotics\VEXcode Pro V5\sdk/vexv5\libv5rt.a(v5_apijump.c.obj)
                0x038003cc                vexTaskCheckTimeslice
 .text.vexTaskSleep
                0x038003dc       0x10 C:\Program Files (x86)\VEX Robotics\VEXcode Pro V5\sdk/vexv5\libv5rt.a(v5_apijump.c.obj)
                0x038003dc                vexTaskSleep
 .text.vexTasksDump
                0x038003ec       0x1c C:\Program Files (x86)\VEX Robotics\VEXcode Pro V5\sdk/vexv5\libv5rt.a(v5_apijump.c.obj)
                0x038003ec                vexTasksDump
 .text.vexTaskGetTaskIndex
                0x03800408       0x10 C:\Program Files (x86)\VEX Robotics\VEXcode Pro V5\sdk/vexv5\libv5rt.a(v5_apijump.c.obj)
                0x03800408                vexTaskGetTaskIndex
 .text.vexTaskStopAll
                0x03800418       0x10 C:\Program Files (x86)\VEX Robotics\VEXcode Pro V5\sdk/vexv5\libv5rt.a(v5_apijump.c.obj)
                0x03800418                vexTaskStopAll
 .text.vexTaskRemoveAllUser
                0x03800428       0x34 C:\Program Files (x86)\VEX Robotics\VEXcode Pro V5\sdk/vexv5\libv5rt.a(v5_apijump.c.obj)
                0x03800428                vexTaskRemoveAllUser
 .text.vexTaskCompletionIdSet
                0x0380045c       0x10 C:\Program Files (x86)\VEX Robotics\VEXcode Pro V5\sdk/vexv5\libv5rt.a(v5_apijump.c.obj)
                0x0380045c                vexTaskCompletionIdSet
 .text.vexTaskStopWithId
                0x0380046c       0x10 C:\Program Files (x86)\VEX Robotics\VEXcode Pro V5\sdk/vexv5\libv5rt.a(v5_apijump.c.obj)
                0x0380046c                vexTaskStopWithId
 .text.vexEventAdd
                0x0380047c       0x34 C:\Program Files (x86)\VEX Robotics\VEXcode Pro V5\sdk/vexv5\libv5rt.a(v5_apijump.c.obj)
                0x0380047c                vexEventAdd
 .text.vexEventUserIndexGet
                0x038004b0       0x1c C:\Program Files (x86)\VEX Robotics\VEXcode Pro V5\sdk/vexv5\libv5rt.a(v5_apijump.c.obj)
                0x038004b0                vexEventUserIndexGet
 .text.vexEventAddWithArg
                0x038004cc       0x3c C:\Program Files (x86)\VEX Robotics\VEXcode Pro V5\sdk/vexv5\libv5rt.a(v5_apijump.c.obj)
                0x038004cc                vexEventAddWithArg
 .text.vexEventsCleanup
                0x03800508       0x2c C:\Program Files (x86)\VEX Robotics\VEXcode Pro V5\sdk/vexv5\libv5rt.a(v5_apijump.c.obj)
                0x03800508                vexEventsCleanup
 .text.vexDebug
                0x03800534       0x38 C:\Program Files (x86)\VEX Robotics\VEXcode Pro V5\sdk/vexv5\libv5rt.a(v5_apijump.c.obj)
                0x03800534                vexDebug
 .text.vex_sprintf
                0x0380056c       0x40 C:\Program Files (x86)\VEX Robotics\VEXcode Pro V5\sdk/vexv5\libv5rt.a(v5_apijump.c.obj)
                0x0380056c                vex_sprintf
 .text.vexSystemTimeGet
                0x038005ac       0x1c C:\Program Files (x86)\VEX Robotics\VEXcode Pro V5\sdk/vexv5\libv5rt.a(v5_apijump.c.obj)
                0x038005ac                vexSystemTimeGet
 .text.vexSystemExitRequest
                0x038005c8       0x1c C:\Program Files (x86)\VEX Robotics\VEXcode Pro V5\sdk/vexv5\libv5rt.a(v5_apijump.c.obj)
                0x038005c8                vexSystemExitRequest
 .text.vexDeviceGetByIndex
                0x038005e4       0x24 C:\Program Files (x86)\VEX Robotics\VEXcode Pro V5\sdk/vexv5\libv5rt.a(v5_apijump.c.obj)
                0x038005e4                vexDeviceGetByIndex
 .text.vexDeviceMotorActualVelocityGet
                0x03800608       0x24 C:\Program Files (x86)\VEX Robotics\VEXcode Pro V5\sdk/vexv5\libv5rt.a(v5_apijump.c.obj)
                0x03800608                vexDeviceMotorActualVelocityGet
 .text.vexDeviceMotorReverseFlagSet
                0x0380062c       0x2c C:\Program Files (x86)\VEX Robotics\VEXcode Pro V5\sdk/vexv5\libv5rt.a(v5_apijump.c.obj)
                0x0380062c                vexDeviceMotorReverseFlagSet
 .text.vexDeviceMotorBrakeModeSet
                0x03800658       0x2c C:\Program Files (x86)\VEX Robotics\VEXcode Pro V5\sdk/vexv5\libv5rt.a(v5_apijump.c.obj)
                0x03800658                vexDeviceMotorBrakeModeSet
 .text.vexDeviceMotorPositionSet
                0x03800684       0x34 C:\Program Files (x86)\VEX Robotics\VEXcode Pro V5\sdk/vexv5\libv5rt.a(v5_apijump.c.obj)
                0x03800684                vexDeviceMotorPositionSet
 .text.vexDeviceMotorGearingGet
                0x038006b8       0x24 C:\Program Files (x86)\VEX Robotics\VEXcode Pro V5\sdk/vexv5\libv5rt.a(v5_apijump.c.obj)
                0x038006b8                vexDeviceMotorGearingGet
 .text.vexDisplayForegroundColor
                0x038006dc       0x24 C:\Program Files (x86)\VEX Robotics\VEXcode Pro V5\sdk/vexv5\libv5rt.a(v5_apijump.c.obj)
                0x038006dc                vexDisplayForegroundColor
 .text.vexDisplayBackgroundColor
                0x03800700       0x24 C:\Program Files (x86)\VEX Robotics\VEXcode Pro V5\sdk/vexv5\libv5rt.a(v5_apijump.c.obj)
                0x03800700                vexDisplayBackgroundColor
 .text.vexDisplayTextReference
                0x03800724       0x24 C:\Program Files (x86)\VEX Robotics\VEXcode Pro V5\sdk/vexv5\libv5rt.a(v5_apijump.c.obj)
                0x03800724                vexDisplayTextReference
 .text.vexDisplayTextSize
                0x03800748       0x2c C:\Program Files (x86)\VEX Robotics\VEXcode Pro V5\sdk/vexv5\libv5rt.a(v5_apijump.c.obj)
                0x03800748                vexDisplayTextSize
 .text.vexDisplayFontNamedSet
                0x03800774       0x24 C:\Program Files (x86)\VEX Robotics\VEXcode Pro V5\sdk/vexv5\libv5rt.a(v5_apijump.c.obj)
                0x03800774                vexDisplayFontNamedSet
 .text.vexSystemStdlibImpureDataAddr
                0x03800798       0x28 C:\Program Files (x86)\VEX Robotics\VEXcode Pro V5\sdk/vexv5\libv5rt.a(v5_apijump.c.obj)
                0x03800798                vexSystemStdlibImpureDataAddr
 .text.vexSystemStdlibImpureDataSize
                0x038007c0       0x28 C:\Program Files (x86)\VEX Robotics\VEXcode Pro V5\sdk/vexv5\libv5rt.a(v5_apijump.c.obj)
                0x038007c0                vexSystemStdlibImpureDataSize
 .text.vexSystemSaveUserData
                0x038007e8       0x3c C:\Program Files (x86)\VEX Robotics\VEXcode Pro V5\sdk/vexv5\libv5rt.a(v5_apijump.c.obj)
                0x038007e8                vexSystemSaveUserData
 .text.vexDisplayThemeIdGet
                0x03800824       0x38 C:\Program Files (x86)\VEX Robotics\VEXcode Pro V5\sdk/vexv5\libv5rt.a(v5_apijump.c.obj)
                0x03800824                vexDisplayThemeIdGet
 .text.vexDeviceEventMaskSet
                0x0380085c       0x48 C:\Program Files (x86)\VEX Robotics\VEXcode Pro V5\sdk/vexv5\libv5rt.a(v5_apijump.c.obj)
                0x0380085c                vexDeviceEventMaskSet
 .text.vexDeviceEventMaskGet
                0x038008a4       0x3c C:\Program Files (x86)\VEX Robotics\VEXcode Pro V5\sdk/vexv5\libv5rt.a(v5_apijump.c.obj)
                0x038008a4                vexDeviceEventMaskGet
 .text.vexSystemVersion
                0x038008e0       0x10 C:\Program Files (x86)\VEX Robotics\VEXcode Pro V5\sdk/vexv5\libv5rt.a(v5_apiversions.c.obj)
                0x038008e0                vexSystemVersion
 .text.vexStdlibVersion
                0x038008f0       0x10 C:\Program Files (x86)\VEX Robotics\VEXcode Pro V5\sdk/vexv5\libv5rt.a(v5_apiversions.c.obj)
                0x038008f0                vexStdlibVersion
 .text._ZN3vex4waitEdNS_9timeUnitsE
                0x03800900       0x30 C:\Program Files (x86)\VEX Robotics\VEXcode Pro V5\sdk/vexv5\libv5rt.a(vex_global.cpp.obj)
                0x03800900                vex::wait(double, vex::timeUnits)
 .text._ZN3vex5motorD2Ev
                0x03800930       0x20 C:\Program Files (x86)\VEX Robotics\VEXcode Pro V5\sdk/vexv5\libv5rt.a(vex_motor.cpp.obj)
                0x03800930                vex::motor::~motor()
                0x03800930                vex::motor::~motor()
 .text._ZN3vex5motorD0Ev
                0x03800950       0x1c C:\Program Files (x86)\VEX Robotics\VEXcode Pro V5\sdk/vexv5\libv5rt.a(vex_motor.cpp.obj)
                0x03800950                vex::motor::~motor()
 .text._ZN3vex5motor9installedEv
                0x0380096c       0x18 C:\Program Files (x86)\VEX Robotics\VEXcode Pro V5\sdk/vexv5\libv5rt.a(vex_motor.cpp.obj)
                0x0380096c                vex::motor::installed()
 .text._ZN3vex5motor15defaultStoppingENS_9brakeTypeE
                0x03800984       0x30 C:\Program Files (x86)\VEX Robotics\VEXcode Pro V5\sdk/vexv5\libv5rt.a(vex_motor.cpp.obj)
                0x03800984                vex::motor::defaultStopping(vex::brakeType)
 .text._ZN3vex5motorC2El
                0x038009b4       0x78 C:\Program Files (x86)\VEX Robotics\VEXcode Pro V5\sdk/vexv5\libv5rt.a(vex_motor.cpp.obj)
                0x038009b4                vex::motor::motor(long)
                0x038009b4                vex::motor::motor(long)
 .text._ZN3vex5motorC2Elb
                0x03800a2c       0x24 C:\Program Files (x86)\VEX Robotics\VEXcode Pro V5\sdk/vexv5\libv5rt.a(vex_motor.cpp.obj)
                0x03800a2c                vex::motor::motor(long, bool)
                0x03800a2c                vex::motor::motor(long, bool)
 .text._ZN3vex5motor16velocityToScaledEdNS_13velocityUnitsE
                0x03800a50       0x5c C:\Program Files (x86)\VEX Robotics\VEXcode Pro V5\sdk/vexv5\libv5rt.a(vex_motor.cpp.obj)
                0x03800a50                vex::motor::velocityToScaled(double, vex::velocityUnits)
 .text._ZN3vex5motor8velocityENS_13velocityUnitsE
                0x03800aac       0x30 C:\Program Files (x86)\VEX Robotics\VEXcode Pro V5\sdk/vexv5\libv5rt.a(vex_motor.cpp.obj)
                0x03800aac                vex::motor::velocity(vex::velocityUnits)
 .text._ZN3vex5motor5valueEv
                0x03800adc       0x1c C:\Program Files (x86)\VEX Robotics\VEXcode Pro V5\sdk/vexv5\libv5rt.a(vex_motor.cpp.obj)
                0x03800adc                vex::motor::value()
 .text._ZN3vex11this_thread9sleep_forEm
                0x03800af8        0x4 C:\Program Files (x86)\VEX Robotics\VEXcode Pro V5\sdk/vexv5\libv5rt.a(vex_thread.cpp.obj)
                0x03800af8                vex::this_thread::sleep_for(unsigned long)
 .text._ZN3vex5brain9_getIndexEv
                0x03800afc       0x10 C:\Program Files (x86)\VEX Robotics\VEXcode Pro V5\sdk/vexv5\libv5rt.a(vex_brain.cpp.obj)
                0x03800afc                vex::brain::_getIndex()
 .text._ZN3vex5brain3lcd9setCursorEll
                0x03800b0c       0x44 C:\Program Files (x86)\VEX Robotics\VEXcode Pro V5\sdk/vexv5\libv5rt.a(vex_brain.cpp.obj)
                0x03800b0c                vex::brain::lcd::setCursor(long, long)
 .text._ZN3vex5brain3lcd7setFontENS_8fontTypeE
                0x03800b50      0x23c C:\Program Files (x86)\VEX Robotics\VEXcode Pro V5\sdk/vexv5\libv5rt.a(vex_brain.cpp.obj)
                0x03800b50                vex::brain::lcd::setFont(vex::fontType)
 .text._ZN3vex5brain3lcdC2Ev
                0x03800d8c       0x94 C:\Program Files (x86)\VEX Robotics\VEXcode Pro V5\sdk/vexv5\libv5rt.a(vex_brain.cpp.obj)
                0x03800d8c                vex::brain::lcd::lcd()
                0x03800d8c                vex::brain::lcd::lcd()
 .text._ZN3vex5brainC2Ev
                0x03800e20       0x3c C:\Program Files (x86)\VEX Robotics\VEXcode Pro V5\sdk/vexv5\libv5rt.a(vex_brain.cpp.obj)
                0x03800e20                vex::brain::brain()
                0x03800e20                vex::brain::brain()
 .text._ZN3vex5brainD2Ev
                0x03800e5c       0x20 C:\Program Files (x86)\VEX Robotics\VEXcode Pro V5\sdk/vexv5\libv5rt.a(vex_brain.cpp.obj)
                0x03800e5c                vex::brain::~brain()
                0x03800e5c                vex::brain::~brain()
 .text._ZN3vex11competition8_disableEPv
                0x03800e7c       0xa4 C:\Program Files (x86)\VEX Robotics\VEXcode Pro V5\sdk/vexv5\libv5rt.a(vex_competition.cpp.obj)
                0x03800e7c                vex::competition::_disable(void*)
 .text._ZN3vex11competition11_autonomousEv
                0x03800f20       0x80 C:\Program Files (x86)\VEX Robotics\VEXcode Pro V5\sdk/vexv5\libv5rt.a(vex_competition.cpp.obj)
                0x03800f20                vex::competition::_autonomous()
 .text._ZN3vex11competition14_drivercontrolEv
                0x03800fa0       0x80 C:\Program Files (x86)\VEX Robotics\VEXcode Pro V5\sdk/vexv5\libv5rt.a(vex_competition.cpp.obj)
                0x03800fa0                vex::competition::_drivercontrol()
 .text._ZN3vex11competitionC2Ev
                0x03801020      0x13c C:\Program Files (x86)\VEX Robotics\VEXcode Pro V5\sdk/vexv5\libv5rt.a(vex_competition.cpp.obj)
                0x03801020                vex::competition::competition()
                0x03801020                vex::competition::competition()
 .text._ZN3vex11competitionD2Ev
                0x0380115c        0x4 C:\Program Files (x86)\VEX Robotics\VEXcode Pro V5\sdk/vexv5\libv5rt.a(vex_competition.cpp.obj)
                0x0380115c                vex::competition::~competition()
                0x0380115c                vex::competition::~competition()
 .text._ZN3vex11competition10autonomousEPFvvE
                0x03801160       0x44 C:\Program Files (x86)\VEX Robotics\VEXcode Pro V5\sdk/vexv5\libv5rt.a(vex_competition.cpp.obj)
                0x03801160                vex::competition::autonomous(void (*)())
 .text._ZN3vex11competition13drivercontrolEPFvvE
                0x038011a4       0x44 C:\Program Files (x86)\VEX Robotics\VEXcode Pro V5\sdk/vexv5\libv5rt.a(vex_competition.cpp.obj)
                0x038011a4                vex::competition::drivercontrol(void (*)())
 .text._ZN3vex7triportD2Ev
                0x038011e8       0x38 C:\Program Files (x86)\VEX Robotics\VEXcode Pro V5\sdk/vexv5\libv5rt.a(vex_triport.cpp.obj)
                0x038011e8                vex::triport::~triport()
                0x038011e8                vex::triport::~triport()
 .text._ZN3vex7triportD0Ev
                0x03801220       0x1c C:\Program Files (x86)\VEX Robotics\VEXcode Pro V5\sdk/vexv5\libv5rt.a(vex_triport.cpp.obj)
                0x03801220                vex::triport::~triport()
 .text._ZN3vex7triport9installedEv
                0x0380123c       0x18 C:\Program Files (x86)\VEX Robotics\VEXcode Pro V5\sdk/vexv5\libv5rt.a(vex_triport.cpp.obj)
                0x0380123c                vex::triport::installed()
 .text._ZN3vex7triport4portC2ElPS0_
                0x03801254       0x74 C:\Program Files (x86)\VEX Robotics\VEXcode Pro V5\sdk/vexv5\libv5rt.a(vex_triport.cpp.obj)
                0x03801254                vex::triport::port::port(long, vex::triport*)
                0x03801254                vex::triport::port::port(long, vex::triport*)
 .text._ZN3vex7triportC2El
                0x038012c8       0xf0 C:\Program Files (x86)\VEX Robotics\VEXcode Pro V5\sdk/vexv5\libv5rt.a(vex_triport.cpp.obj)
                0x038012c8                vex::triport::triport(long)
                0x038012c8                vex::triport::triport(long)
 .text._ZN3vex5colorD2Ev
                0x038013b8        0x4 C:\Program Files (x86)\VEX Robotics\VEXcode Pro V5\sdk/vexv5\libv5rt.a(vex_color.cpp.obj)
                0x038013b8                vex::color::~color()
                0x038013b8                vex::color::~color()
 .text.startup._GLOBAL__sub_I__ZN3vex5color5blackE
                0x038013bc      0x164 C:\Program Files (x86)\VEX Robotics\VEXcode Pro V5\sdk/vexv5\libv5rt.a(vex_color.cpp.obj)
 .text._ZN3vex5timerD2Ev
                0x03801520        0x4 C:\Program Files (x86)\VEX Robotics\VEXcode Pro V5\sdk/vexv5\libv5rt.a(vex_timer.cpp.obj)
                0x03801520                vex::timer::~timer()
                0x03801520                vex::timer::~timer()
 .text._ZN3vex5timer5clearEv
                0x03801524       0x1c C:\Program Files (x86)\VEX Robotics\VEXcode Pro V5\sdk/vexv5\libv5rt.a(vex_timer.cpp.obj)
                0x03801524                vex::timer::clear()
 .text._ZN3vex5timerC2Ev
                0x03801540       0x14 C:\Program Files (x86)\VEX Robotics\VEXcode Pro V5\sdk/vexv5\libv5rt.a(vex_timer.cpp.obj)
                0x03801540                vex::timer::timer()
                0x03801540                vex::timer::timer()
 .text.vexMotorActualVelocityGet
                0x03801554       0x24 C:\Program Files (x86)\VEX Robotics\VEXcode Pro V5\sdk/vexv5\libv5rt.a(v5_apiuser.c.obj)
                0x03801554                vexMotorActualVelocityGet
 .text.vexMotorReverseFlagSet
                0x03801578       0x20 C:\Program Files (x86)\VEX Robotics\VEXcode Pro V5\sdk/vexv5\libv5rt.a(v5_apiuser.c.obj)
                0x03801578                vexMotorReverseFlagSet
 .text.vexMotorBrakeModeSet
                0x03801598       0x20 C:\Program Files (x86)\VEX Robotics\VEXcode Pro V5\sdk/vexv5\libv5rt.a(v5_apiuser.c.obj)
                0x03801598                vexMotorBrakeModeSet
 .text.vexMotorPositionSet
                0x038015b8       0x28 C:\Program Files (x86)\VEX Robotics\VEXcode Pro V5\sdk/vexv5\libv5rt.a(v5_apiuser.c.obj)
                0x038015b8                vexMotorPositionSet
 .text.vexMotorGearingGet
                0x038015e0       0x18 C:\Program Files (x86)\VEX Robotics\VEXcode Pro V5\sdk/vexv5\libv5rt.a(v5_apiuser.c.obj)
                0x038015e0                vexMotorGearingGet
 .text.vexEventMaskSet
                0x038015f8       0x28 C:\Program Files (x86)\VEX Robotics\VEXcode Pro V5\sdk/vexv5\libv5rt.a(v5_apiuser.c.obj)
                0x038015f8                vexEventMaskSet
 .text.vexEventMaskGet
                0x03801620       0x18 C:\Program Files (x86)\VEX Robotics\VEXcode Pro V5\sdk/vexv5\libv5rt.a(v5_apiuser.c.obj)
                0x03801620                vexEventMaskGet
 .text._ZN3vex6deviceD2Ev
                0x03801638        0x4 C:\Program Files (x86)\VEX Robotics\VEXcode Pro V5\sdk/vexv5\libv5rt.a(vex_device.cpp.obj)
                0x03801638                vex::device::~device()
                0x03801638                vex::device::~device()
 .text._ZN3vex6device5valueEv
                0x0380163c        0x8 C:\Program Files (x86)\VEX Robotics\VEXcode Pro V5\sdk/vexv5\libv5rt.a(vex_device.cpp.obj)
                0x0380163c                vex::device::value()
 .text._ZN3vex6deviceD0Ev
                0x03801644       0x14 C:\Program Files (x86)\VEX Robotics\VEXcode Pro V5\sdk/vexv5\libv5rt.a(vex_device.cpp.obj)
                0x03801644                vex::device::~device()
 .text._ZN3vex6device4initEl
                0x03801658       0x30 C:\Program Files (x86)\VEX Robotics\VEXcode Pro V5\sdk/vexv5\libv5rt.a(vex_device.cpp.obj)
                0x03801658                vex::device::init(long)
 .text._ZN3vex6deviceC2El
                0x03801688       0x20 C:\Program Files (x86)\VEX Robotics\VEXcode Pro V5\sdk/vexv5\libv5rt.a(vex_device.cpp.obj)
                0x03801688                vex::device::device(long)
                0x03801688                vex::device::device(long)
 .text._ZN3vex6device4typeEv
                0x038016a8       0x10 C:\Program Files (x86)\VEX Robotics\VEXcode Pro V5\sdk/vexv5\libv5rt.a(vex_device.cpp.obj)
                0x038016a8                vex::device::type()
 .text._ZN3vex6device9installedEv
                0x038016b8       0x14 C:\Program Files (x86)\VEX Robotics\VEXcode Pro V5\sdk/vexv5\libv5rt.a(vex_device.cpp.obj)
                0x038016b8                vex::device::installed()
 .text._ZN3vex4taskC2EPFivE
                0x038016cc       0x5c C:\Program Files (x86)\VEX Robotics\VEXcode Pro V5\sdk/vexv5\libv5rt.a(vex_task.cpp.obj)
                0x038016cc                vex::task::task(int (*)())
                0x038016cc                vex::task::task(int (*)())
 .text._ZN3vex4taskD2Ev
                0x03801728        0x4 C:\Program Files (x86)\VEX Robotics\VEXcode Pro V5\sdk/vexv5\libv5rt.a(vex_task.cpp.obj)
                0x03801728                vex::task::~task()
                0x03801728                vex::task::~task()
 .text._ZN3vex4task4stopEPvi
                0x0380172c       0x1c C:\Program Files (x86)\VEX Robotics\VEXcode Pro V5\sdk/vexv5\libv5rt.a(vex_task.cpp.obj)
                0x0380172c                vex::task::stop(void*, int)
 .text._ZN3vex4task6_indexEPFivE
                0x03801748       0x14 C:\Program Files (x86)\VEX Robotics\VEXcode Pro V5\sdk/vexv5\libv5rt.a(vex_task.cpp.obj)
                0x03801748                vex::task::_index(int (*)())
 .text._ZN3vex4task8_stopAllEv
                0x0380175c       0x3c C:\Program Files (x86)\VEX Robotics\VEXcode Pro V5\sdk/vexv5\libv5rt.a(vex_task.cpp.obj)
                0x0380175c                vex::task::_stopAll()
 .text._ZN3vex5event4initEmmPFvvE
                0x03801798        0x4 C:\Program Files (x86)\VEX Robotics\VEXcode Pro V5\sdk/vexv5\libv5rt.a(vex_event.cpp.obj)
                0x03801798                vex::event::init(unsigned long, unsigned long, void (*)())
 .text._ZN3vex5event4initEmmPFvPvES1_
                0x0380179c        0x4 C:\Program Files (x86)\VEX Robotics\VEXcode Pro V5\sdk/vexv5\libv5rt.a(vex_event.cpp.obj)
                0x0380179c                vex::event::init(unsigned long, unsigned long, void (*)(void*), void*)
 .text._ZN3vex5event9userindexEv
                0x038017a0        0x4 C:\Program Files (x86)\VEX Robotics\VEXcode Pro V5\sdk/vexv5\libv5rt.a(vex_event.cpp.obj)
                0x038017a0                vex::event::userindex()
 .text._ZZN3vex6meventC4EmmENUlvE_4_FUNEv
                0x038017a4        0x4 C:\Program Files (x86)\VEX Robotics\VEXcode Pro V5\sdk/vexv5\libv5rt.a(vex_mevent.cpp.obj)
 .text._ZN3vex6meventC2Emm
                0x038017a8       0x70 C:\Program Files (x86)\VEX Robotics\VEXcode Pro V5\sdk/vexv5\libv5rt.a(vex_mevent.cpp.obj)
                0x038017a8                vex::mevent::mevent(unsigned long, unsigned long)
                0x038017a8                vex::mevent::mevent(unsigned long, unsigned long)
 .text.__libc_fini_array
                0x03801818       0x30 C:\Program Files (x86)\VEX Robotics\VEXcode Pro V5\sdk/vexv5/gcc/libs\libc.a(lib_a-fini.o)
                0x03801818                __libc_fini_array
 .text.__libc_init_array
                0x03801848       0x58 C:\Program Files (x86)\VEX Robotics\VEXcode Pro V5\sdk/vexv5/gcc/libs\libc.a(lib_a-init.o)
                0x03801848                __libc_init_array
 .text.__libc_init_array.__stub
                0x038018a0       0x18 linker stubs
 *(.gnu.linkonce.t.*)
 *(.plt)
 *(.gnu_warning)
 *(.gcc_except_table)
 *(.glue_7)
 .glue_7        0x00000000        0x0 linker stubs
 *(.glue_7t)
 .glue_7t       0x00000000        0x0 linker stubs
 *(.vfp11_veneer)
 .vfp11_veneer  0x00000000        0x0 linker stubs
 *(.ARM.extab)
 *(.gnu.linkonce.armextab.*)

.v4_bx          0x038018b8        0x0
 .v4_bx         0x00000000        0x0 linker stubs

.iplt           0x038018b8        0x0
 .iplt          0x00000000        0x0 build/src/main.o

.init
 *(.init)

.fini
 *(.fini)

.rodata         0x038018b8       0xd0
                0x038018b8                __rodata_start = .
 *(.rodata)
 *(.rodata.*)
 .rodata.str1.1
                0x038018b8       0x2e C:\Program Files (x86)\VEX Robotics\VEXcode Pro V5\sdk/vexv5\libv5rt.a(v5_startup.c.obj)
 *fill*         0x038018e6        0x2 
 .rodata._ZN3vex6PORT10E
                0x038018e8        0x4 C:\Program Files (x86)\VEX Robotics\VEXcode Pro V5\sdk/vexv5\libv5rt.a(vex_global.cpp.obj)
                0x038018e8                vex::PORT10
 .rodata._ZN3vex4msecE
                0x038018ec        0x4 C:\Program Files (x86)\VEX Robotics\VEXcode Pro V5\sdk/vexv5\libv5rt.a(vex_global.cpp.obj)
                0x038018ec                vex::msec
 .rodata._ZN3vex6PORT22E
                0x038018f0        0x4 C:\Program Files (x86)\VEX Robotics\VEXcode Pro V5\sdk/vexv5\libv5rt.a(vex_global.cpp.obj)
                0x038018f0                vex::PORT22
 *fill*         0x038018f4        0x4 
 .rodata._ZTVN3vex5motorE
                0x038018f8       0x18 C:\Program Files (x86)\VEX Robotics\VEXcode Pro V5\sdk/vexv5\libv5rt.a(vex_motor.cpp.obj)
                0x038018f8                vtable for vex::motor
 .rodata.str1.1
                0x03801910       0x2d C:\Program Files (x86)\VEX Robotics\VEXcode Pro V5\sdk/vexv5\libv5rt.a(vex_brain.cpp.obj)
 *fill*         0x0380193d        0x3 
 .rodata._ZTVN3vex7triportE
                0x03801940       0x18 C:\Program Files (x86)\VEX Robotics\VEXcode Pro V5\sdk/vexv5\libv5rt.a(vex_triport.cpp.obj)
                0x03801940                vtable for vex::triport
 .rodata._ZTVN3vex6deviceE
                0x03801958       0x18 C:\Program Files (x86)\VEX Robotics\VEXcode Pro V5\sdk/vexv5\libv5rt.a(vex_device.cpp.obj)
                0x03801958                vtable for vex::device
 .rodata.str1.1
                0x03801970       0x14 C:\Program Files (x86)\VEX Robotics\VEXcode Pro V5\sdk/vexv5\libv5rt.a(vex_task.cpp.obj)
 .rodata.str1.4
                0x03801984        0x4 C:\Program Files (x86)\VEX Robotics\VEXcode Pro V5\sdk/vexv5/gcc/libs\libc.a(lib_a-impure.o)
                                  0x2 (size before relaxing)
 *(.gnu.linkonce.r.*)
                0x03801988                __rodata_end = .

.rodata1        0x03801988        0x0
                0x03801988                __rodata1_start = .
 *(.rodata1)
 *(.rodata1.*)
                0x03801988                __rodata1_end = .

.sdata2         0x03801988        0x0
                0x03801988                __sdata2_start = .
 *(.sdata2)
 *(.sdata2.*)
 *(.gnu.linkonce.s2.*)
                0x03801988                __sdata2_end = .

.sbss2          0x03801988        0x0
                0x03801988                __sbss2_start = .
 *(.sbss2)
 *(.sbss2.*)
 *(.gnu.linkonce.sb2.*)
                0x03801988                __sbss2_end = .

.data           0x03801988      0x434
                0x03801988                __data_start = .
 *(.data)
 *(.data.*)
 .data.appRunning
                0x03801988        0x4 C:\Program Files (x86)\VEX Robotics\VEXcode Pro V5\sdk/vexv5\libv5rt.a(v5_startup.c.obj)
                0x03801988                appRunning
 .data._ZN3vex24__default_motor_velocityE
                0x0380198c        0x4 C:\Program Files (x86)\VEX Robotics\VEXcode Pro V5\sdk/vexv5\libv5rt.a(vex_motor.cpp.obj)
                0x0380198c                vex::__default_motor_velocity
 .data.impure_data
                0x03801990      0x428 C:\Program Files (x86)\VEX Robotics\VEXcode Pro V5\sdk/vexv5/gcc/libs\libc.a(lib_a-impure.o)
 .data._impure_ptr
                0x03801db8        0x4 C:\Program Files (x86)\VEX Robotics\VEXcode Pro V5\sdk/vexv5/gcc/libs\libc.a(lib_a-impure.o)
                0x03801db8                _impure_ptr
 *(.gnu.linkonce.d.*)
 *(.jcr)
 *(.got)
 *(.got.plt)
                0x03801dbc                __data_end = .

.igot.plt       0x03801dbc        0x0
 .igot.plt      0x00000000        0x0 build/src/main.o

.data1          0x03801dbc        0x0
                0x03801dbc                __data1_start = .
 *(.data1)
 *(.data1.*)
                0x03801dbc                __data1_end = .

.got
 *(.got)

.ctors          0x03801dbc        0x0
                0x03801dbc                __CTOR_LIST__ = .
                0x03801dbc                ___CTORS_LIST___ = .
 *crtbegin.o(.ctors)
 *(EXCLUDE_FILE(*crtend.o) .ctors)
 *(SORT(.ctors.*))
 *(.ctors)
                0x03801dbc                __CTOR_END__ = .
                0x03801dbc                ___CTORS_END___ = .

.dtors          0x03801dbc        0x0
                0x03801dbc                __DTOR_LIST__ = .
                0x03801dbc                ___DTORS_LIST___ = .
 *crtbegin.o(.dtors)
 *(EXCLUDE_FILE(*crtend.o) .dtors)
 *(SORT(.dtors.*))
 *(.dtors)
                0x03801dbc                __DTOR_END__ = .
                0x03801dbc                ___DTORS_END___ = .

.fixup          0x03801dbc        0x0
                0x03801dbc                __fixup_start = .
 *(.fixup)
                0x03801dbc                __fixup_end = .

.eh_frame
 *(.eh_frame)

.eh_framehdr    0x03801dbc        0x0
                0x03801dbc                __eh_framehdr_start = .
 *(.eh_framehdr)
                0x03801dbc                __eh_framehdr_end = .

.gcc_except_table
 *(.gcc_except_table)

.mmu_tbl        0x03804000        0x0
                0x03804000                __mmu_tbl_start = .
 *(.mmu_tbl)
                0x03804000                __mmu_tbl_end = .

.ARM.exidx      0x03801dbc        0x8
                0x03801dbc                __exidx_start = .
 *(.ARM.exidx*)
 .ARM.exidx.text._Z10autonomousv
                0x03801dbc        0x8 build/src/main.o
 .ARM.exidx.text._Z11usercontrolv
                0x03801dc4        0x0 build/src/main.o
                                  0x8 (size before relaxing)
 .ARM.exidx.text.main
                0x03801dc4        0x0 build/src/main.o
                                  0x8 (size before relaxing)
 .ARM.exidx.text._GLOBAL__sub_I_main.cpp
                0x03801dc4        0x0 build/src/main.o
                                  0x8 (size before relaxing)
 .ARM.exidx.text._Z11vexcodeInitv
                0x03801dc4        0x0 build/src/robot-config.o
                                  0x8 (size before relaxing)
 .ARM.exidx.text._GLOBAL__sub_I_robot_config.cpp
                0x03801dc4        0x0 build/src/robot-config.o
                                  0x8 (size before relaxing)
 *(.gnu.linkonce.armexidix.*.*)
                0x03801dc4                __exidx_end = .

.rel.dyn        0x03801dc4        0x0
 .rel.iplt      0x00000000        0x0 build/src/main.o

.preinit_array  0x03801dc4        0x0
                0x03801dc4                __preinit_array_start = .
 *(SORT(.preinit_array.*))
 *(.preinit_array)
                0x03801dc4                __preinit_array_end = .

.init_array     0x03801dc4        0xc
                0x03801dc4                __init_array_start = .
 *(SORT(.init_array.*))
 *(.init_array)
 .init_array    0x03801dc4        0x4 build/src/main.o
 .init_array    0x03801dc8        0x4 build/src/robot-config.o
 .init_array    0x03801dcc        0x4 C:\Program Files (x86)\VEX Robotics\VEXcode Pro V5\sdk/vexv5\libv5rt.a(vex_color.cpp.obj)
                0x03801dd0                __init_array_end = .

.fini_array     0x03801dd0        0x0
                0x03801dd0                __fini_array_start = .
 *(SORT(.fini_array.*))
 *(.fini_array)
                0x03801dd0                __fini_array_end = .

.ARM.attributes
                0x03801dd0       0x3c
                0x03801dd0                __ARM.attributes_start = .
 *(.ARM.attributes)
 .ARM.attributes
                0x03801dd0       0x3a build/src/main.o
 .ARM.attributes
                0x03801e0a       0x3a build/src/robot-config.o
 .ARM.attributes
                0x03801e44       0x35 C:\Program Files (x86)\VEX Robotics\VEXcode Pro V5\sdk/vexv5\libv5rt.a(v5_startup.c.obj)
 .ARM.attributes
                0x03801e79       0x35 C:\Program Files (x86)\VEX Robotics\VEXcode Pro V5\sdk/vexv5\libv5rt.a(v5_util.c.obj)
 .ARM.attributes
                0x03801eae       0x35 C:\Program Files (x86)\VEX Robotics\VEXcode Pro V5\sdk/vexv5\libv5rt.a(v5_apijump.c.obj)
 .ARM.attributes
                0x03801ee3       0x35 C:\Program Files (x86)\VEX Robotics\VEXcode Pro V5\sdk/vexv5\libv5rt.a(v5_apiversions.c.obj)
 .ARM.attributes
                0x03801f18       0x35 C:\Program Files (x86)\VEX Robotics\VEXcode Pro V5\sdk/vexv5\libv5rt.a(vex_global.cpp.obj)
 .ARM.attributes
                0x03801f4d       0x35 C:\Program Files (x86)\VEX Robotics\VEXcode Pro V5\sdk/vexv5\libv5rt.a(vex_motor.cpp.obj)
 .ARM.attributes
                0x03801f82       0x35 C:\Program Files (x86)\VEX Robotics\VEXcode Pro V5\sdk/vexv5\libv5rt.a(vex_thread.cpp.obj)
 .ARM.attributes
                0x03801fb7       0x35 C:\Program Files (x86)\VEX Robotics\VEXcode Pro V5\sdk/vexv5\libv5rt.a(vex_brain.cpp.obj)
 .ARM.attributes
                0x03801fec       0x35 C:\Program Files (x86)\VEX Robotics\VEXcode Pro V5\sdk/vexv5\libv5rt.a(vex_competition.cpp.obj)
 .ARM.attributes
                0x03802021       0x35 C:\Program Files (x86)\VEX Robotics\VEXcode Pro V5\sdk/vexv5\libv5rt.a(vex_triport.cpp.obj)
 .ARM.attributes
                0x03802056       0x35 C:\Program Files (x86)\VEX Robotics\VEXcode Pro V5\sdk/vexv5\libv5rt.a(vex_color.cpp.obj)
 .ARM.attributes
                0x0380208b       0x35 C:\Program Files (x86)\VEX Robotics\VEXcode Pro V5\sdk/vexv5\libv5rt.a(vex_timer.cpp.obj)
 .ARM.attributes
                0x038020c0       0x35 C:\Program Files (x86)\VEX Robotics\VEXcode Pro V5\sdk/vexv5\libv5rt.a(v5_apiuser.c.obj)
 .ARM.attributes
                0x038020f5       0x35 C:\Program Files (x86)\VEX Robotics\VEXcode Pro V5\sdk/vexv5\libv5rt.a(vex_device.cpp.obj)
 .ARM.attributes
                0x0380212a       0x35 C:\Program Files (x86)\VEX Robotics\VEXcode Pro V5\sdk/vexv5\libv5rt.a(vex_task.cpp.obj)
 .ARM.attributes
                0x0380215f       0x35 C:\Program Files (x86)\VEX Robotics\VEXcode Pro V5\sdk/vexv5\libv5rt.a(vex_event.cpp.obj)
 .ARM.attributes
                0x03802194       0x35 C:\Program Files (x86)\VEX Robotics\VEXcode Pro V5\sdk/vexv5\libv5rt.a(vex_mevent.cpp.obj)
 .ARM.attributes
                0x038021c9       0x2b C:\Program Files (x86)\VEX Robotics\VEXcode Pro V5\sdk/vexv5/gcc/libs\libc.a(lib_a-fini.o)
 .ARM.attributes
                0x038021f4       0x2b C:\Program Files (x86)\VEX Robotics\VEXcode Pro V5\sdk/vexv5/gcc/libs\libc.a(lib_a-impure.o)
 .ARM.attributes
                0x0380221f       0x2b C:\Program Files (x86)\VEX Robotics\VEXcode Pro V5\sdk/vexv5/gcc/libs\libc.a(lib_a-init.o)
                0x0380224a                __ARM.attributes_end = .

.sdata          0x03801dd0        0x0
                0x03801dd0                __sdata_start = .
 *(.sdata)
 *(.sdata.*)
 *(.gnu.linkonce.s.*)
                0x03801dd0                __sdata_end = .

.sbss           0x03801dd0        0x0
                0x03801dd0                __sbss_start = .
 *(.sbss)
 *(.sbss.*)
 *(.gnu.linkonce.sb.*)
                0x03801dd0                __sbss_end = .

.tdata          0x03801dd0        0x0
                0x03801dd0                __tdata_start = .
 *(.tdata)
 *(.tdata.*)
 *(.gnu.linkonce.td.*)
                0x03801dd0                __tdata_end = .

.tbss           0x03801dd0        0x0
                0x03801dd0                __tbss_start = .
 *(.tbss)
 *(.tbss.*)
 *(.gnu.linkonce.tb.*)
                0x03801dd0                __tbss_end = .

.bss            0x03801dd0      0x388
                0x03801dd0                __bss_start = .
 *(.bss)
 *(.bss.*)
 .bss.Competition
                0x03801dd0       0x28 build/src/main.o
                0x03801dd0                Competition
 .bss.Brain     0x03801df8      0x2bc build/src/robot-config.o
                0x03801df8                Brain
 .bss.Motor10   0x038020b4       0x24 build/src/robot-config.o
                0x038020b4                Motor10
 .bss.__dso_handle
                0x038020d8        0x4 C:\Program Files (x86)\VEX Robotics\VEXcode Pro V5\sdk/vexv5\libv5rt.a(v5_startup.c.obj)
                0x038020d8                __dso_handle
 .bss._ZN3vex11competition22bStopTasksBetweenModesE
                0x038020dc        0x1 C:\Program Files (x86)\VEX Robotics\VEXcode Pro V5\sdk/vexv5\libv5rt.a(vex_competition.cpp.obj)
                0x038020dc                vex::competition::bStopTasksBetweenModes
 .bss._ZN3vex11competition25bStopAllTasksBetweenModesE
                0x038020dd        0x1 C:\Program Files (x86)\VEX Robotics\VEXcode Pro V5\sdk/vexv5\libv5rt.a(vex_competition.cpp.obj)
                0x038020dd                vex::competition::bStopAllTasksBetweenModes
 .bss._ZN3vex11competition14_auton_pendingE
                0x038020de        0x1 C:\Program Files (x86)\VEX Robotics\VEXcode Pro V5\sdk/vexv5\libv5rt.a(vex_competition.cpp.obj)
                0x038020de                vex::competition::_auton_pending
 *fill*         0x038020df        0x1 
 .bss._ZN3vex11competition20_autonomous_callbackE
                0x038020e0        0x4 C:\Program Files (x86)\VEX Robotics\VEXcode Pro V5\sdk/vexv5\libv5rt.a(vex_competition.cpp.obj)
                0x038020e0                vex::competition::_autonomous_callback
 .bss._ZN3vex11competition23_drivercontrol_callbackE
                0x038020e4        0x4 C:\Program Files (x86)\VEX Robotics\VEXcode Pro V5\sdk/vexv5\libv5rt.a(vex_competition.cpp.obj)
                0x038020e4                vex::competition::_drivercontrol_callback
 .bss._ZN3vex11competition15_driver_pendingE
                0x038020e8        0x1 C:\Program Files (x86)\VEX Robotics\VEXcode Pro V5\sdk/vexv5\libv5rt.a(vex_competition.cpp.obj)
                0x038020e8                vex::competition::_driver_pending
 *fill*         0x038020e9        0x3 
 .bss._ZN3vex5color6orangeE
                0x038020ec        0x8 C:\Program Files (x86)\VEX Robotics\VEXcode Pro V5\sdk/vexv5\libv5rt.a(vex_color.cpp.obj)
                0x038020ec                vex::color::orange
 .bss._ZN3vex5color5blackE
                0x038020f4        0x8 C:\Program Files (x86)\VEX Robotics\VEXcode Pro V5\sdk/vexv5\libv5rt.a(vex_color.cpp.obj)
                0x038020f4                vex::color::black
 .bss._ZN3vex5color6yellowE
                0x038020fc        0x8 C:\Program Files (x86)\VEX Robotics\VEXcode Pro V5\sdk/vexv5\libv5rt.a(vex_color.cpp.obj)
                0x038020fc                vex::color::yellow
 .bss._ZN3vex5color5greenE
                0x03802104        0x8 C:\Program Files (x86)\VEX Robotics\VEXcode Pro V5\sdk/vexv5\libv5rt.a(vex_color.cpp.obj)
                0x03802104                vex::color::green
 .bss._ZN3vex5color6purpleE
                0x0380210c        0x8 C:\Program Files (x86)\VEX Robotics\VEXcode Pro V5\sdk/vexv5\libv5rt.a(vex_color.cpp.obj)
                0x0380210c                vex::color::purple
 .bss._ZN3vex5color4cyanE
                0x03802114        0x8 C:\Program Files (x86)\VEX Robotics\VEXcode Pro V5\sdk/vexv5\libv5rt.a(vex_color.cpp.obj)
                0x03802114                vex::color::cyan
 .bss._ZN3vex5color4blueE
                0x0380211c        0x8 C:\Program Files (x86)\VEX Robotics\VEXcode Pro V5\sdk/vexv5\libv5rt.a(vex_color.cpp.obj)
                0x0380211c                vex::color::blue
 .bss._ZN3vex5color3redE
                0x03802124        0x8 C:\Program Files (x86)\VEX Robotics\VEXcode Pro V5\sdk/vexv5\libv5rt.a(vex_color.cpp.obj)
                0x03802124                vex::color::red
 .bss._ZN3vex5color11transparentE
                0x0380212c        0x8 C:\Program Files (x86)\VEX Robotics\VEXcode Pro V5\sdk/vexv5\libv5rt.a(vex_color.cpp.obj)
                0x0380212c                vex::color::transparent
 .bss._ZN3vex5color5whiteE
                0x03802134        0x8 C:\Program Files (x86)\VEX Robotics\VEXcode Pro V5\sdk/vexv5\libv5rt.a(vex_color.cpp.obj)
                0x03802134                vex::color::white
 .bss._ZN3vex4task8_labelIdE
                0x0380213c        0x4 C:\Program Files (x86)\VEX Robotics\VEXcode Pro V5\sdk/vexv5\libv5rt.a(vex_task.cpp.obj)
                0x0380213c                vex::task::_labelId
 *(.gnu.linkonce.b.*)
 *(COMMON)
 COMMON         0x03802140       0x18 C:\Program Files (x86)\VEX Robotics\VEXcode Pro V5\sdk/vexv5\libv5rt.a(v5_startup.c.obj)
                0x03802144                __vex_critical_section
                0x03802158                __bss_end = .
                0x03801dd0                _SDA_BASE_ = (__sdata_start + ((__sbss_end - __sdata_start) / 0x2))
                0x03801988                _SDA2_BASE_ = (__sdata2_start + ((__sbss2_end - __sdata2_start) / 0x2))

.heap           0x03802158   0x100008
                0x03802160                . = ALIGN (0x10)
 *fill*         0x03802158        0x8 
                0x03802160                _heap = .
                0x03802160                HeapBase = .
                0x03802160                _heap_start = .
                0x03902160                . = (. + _HEAP_SIZE)
 *fill*         0x03802160   0x100000 
                0x03902160                _heap_end = .
                0x03902160                HeapLimit = .

.stack          0x03902160     0x3800
                0x03902160                . = ALIGN (0x10)
                0x03902160                _stack_end = .
                0x03904160                . = (. + _STACK_SIZE)
 *fill*         0x03902160     0x2000 
                0x03904160                . = ALIGN (0x10)
                0x03904160                _stack = .
                0x03904160                __stack = _stack
                0x03904160                . = ALIGN (0x10)
                0x03904160                _irq_stack_end = .
                0x03904560                . = (. + _IRQ_STACK_SIZE)
 *fill*         0x03904160      0x400 
                0x03904560                . = ALIGN (0x10)
                0x03904560                __irq_stack = .
                0x03904560                _supervisor_stack_end = .
                0x03904d60                . = (. + _SUPERVISOR_STACK_SIZE)
 *fill*         0x03904560      0x800 
                0x03904d60                . = ALIGN (0x10)
                0x03904d60                __supervisor_stack = .
                0x03904d60                _abort_stack_end = .
                0x03905160                . = (. + _ABORT_STACK_SIZE)
 *fill*         0x03904d60      0x400 
                0x03905160                . = ALIGN (0x10)
                0x03905160                __abort_stack = .
                0x03905160                _fiq_stack_end = .
                0x03905560                . = (. + _FIQ_STACK_SIZE)
 *fill*         0x03905160      0x400 
                0x03905560                . = ALIGN (0x10)
                0x03905560                __fiq_stack = .
                0x03905560                _undef_stack_end = .
                0x03905960                . = (. + _UNDEF_STACK_SIZE)
 *fill*         0x03905560      0x400 
                0x03905960                . = ALIGN (0x10)
                0x03905960                __undef_stack = .
                0x03905960                _end = .
LOAD C:\Program Files (x86)\VEX Robotics\VEXcode Pro V5\sdk/vexv5/stdlib_0.lib
LOAD build/src/main.o
LOAD build/src/robot-config.o
START GROUP
LOAD C:\Program Files (x86)\VEX Robotics\VEXcode Pro V5\sdk/vexv5\libv5rt.a
LOAD C:\Program Files (x86)\VEX Robotics\VEXcode Pro V5\sdk/vexv5/gcc/libs\libstdc++.a
LOAD C:\Program Files (x86)\VEX Robotics\VEXcode Pro V5\sdk/vexv5/gcc/libs\libc.a
LOAD C:\Program Files (x86)\VEX Robotics\VEXcode Pro V5\sdk/vexv5/gcc/libs\libm.a
LOAD C:\Program Files (x86)\VEX Robotics\VEXcode Pro V5\sdk/vexv5/gcc/libs\libgcc.a
END GROUP
OUTPUT(build/JARTemplate.elf elf32-littlearm)

.comment        0x00000000       0x9d
 .comment       0x00000000       0x2d build/src/main.o
                                 0x2e (size before relaxing)
 .comment       0x00000000       0x2e build/src/robot-config.o
 .comment       0x0000002d       0x70 C:\Program Files (x86)\VEX Robotics\VEXcode Pro V5\sdk/vexv5\libv5rt.a(v5_startup.c.obj)
                                 0x71 (size before relaxing)
 .comment       0x00000000       0x71 C:\Program Files (x86)\VEX Robotics\VEXcode Pro V5\sdk/vexv5\libv5rt.a(v5_util.c.obj)
 .comment       0x00000000       0x71 C:\Program Files (x86)\VEX Robotics\VEXcode Pro V5\sdk/vexv5\libv5rt.a(v5_apijump.c.obj)
 .comment       0x00000000       0x71 C:\Program Files (x86)\VEX Robotics\VEXcode Pro V5\sdk/vexv5\libv5rt.a(v5_apiversions.c.obj)
 .comment       0x00000000       0x71 C:\Program Files (x86)\VEX Robotics\VEXcode Pro V5\sdk/vexv5\libv5rt.a(vex_global.cpp.obj)
 .comment       0x00000000       0x71 C:\Program Files (x86)\VEX Robotics\VEXcode Pro V5\sdk/vexv5\libv5rt.a(vex_motor.cpp.obj)
 .comment       0x00000000       0x71 C:\Program Files (x86)\VEX Robotics\VEXcode Pro V5\sdk/vexv5\libv5rt.a(vex_thread.cpp.obj)
 .comment       0x00000000       0x71 C:\Program Files (x86)\VEX Robotics\VEXcode Pro V5\sdk/vexv5\libv5rt.a(vex_brain.cpp.obj)
 .comment       0x00000000       0x71 C:\Program Files (x86)\VEX Robotics\VEXcode Pro V5\sdk/vexv5\libv5rt.a(vex_competition.cpp.obj)
 .comment       0x00000000       0x71 C:\Program Files (x86)\VEX Robotics\VEXcode Pro V5\sdk/vexv5\libv5rt.a(vex_triport.cpp.obj)
 .comment       0x00000000       0x71 C:\Program Files (x86)\VEX Robotics\VEXcode Pro V5\sdk/vexv5\libv5rt.a(vex_color.cpp.obj)
 .comment       0x00000000       0x71 C:\Program Files (x86)\VEX Robotics\VEXcode Pro V5\sdk/vexv5\libv5rt.a(vex_timer.cpp.obj)
 .comment       0x00000000       0x71 C:\Program Files (x86)\VEX Robotics\VEXcode Pro V5\sdk/vexv5\libv5rt.a(v5_apiuser.c.obj)
 .comment       0x00000000       0x71 C:\Program Files (x86)\VEX Robotics\VEXcode Pro V5\sdk/vexv5\libv5rt.a(vex_device.cpp.obj)
 .comment       0x00000000       0x71 C:\Program Files (x86)\VEX Robotics\VEXcode Pro V5\sdk/vexv5\libv5rt.a(vex_task.cpp.obj)
 .comment       0x00000000       0x71 C:\Program Files (x86)\VEX Robotics\VEXcode Pro V5\sdk/vexv5\libv5rt.a(vex_event.cpp.obj)
 .comment       0x00000000       0x71 C:\Program Files (x86)\VEX Robotics\VEXcode Pro V5\sdk/vexv5\libv5rt.a(vex_mevent.cpp.obj)

.note.GNU-stack
                0x00000000        0x0
 .note.GNU-stack
                0x00000000        0x0 build/src/main.o
 .note.GNU-stack
                0x00000000        0x0 build/src/robot-config.o

.debug_frame    0x00000000       0x60
 .debug_frame   0x00000000       0x34 C:\Program Files (x86)\VEX Robotics\VEXcode Pro V5\sdk/vexv5/gcc/libs\libc.a(lib_a-fini.o)
 .debug_frame   0x00000034       0x2c C:\Program Files (x86)\VEX Robotics\VEXcode Pro V5\sdk/vexv5/gcc/libs\libc.a(lib_a-init.o)
